<html>
<body>
<pre>
<h1>礦ision Build Log</h1>
<h2>Tool Versions:</h2>
IDE-Version: μVision V5.42.0.0
Copyright (C) 2025 ARM Ltd and ARM Germany GmbH. All rights reserved.
License Information: 1 19862681939@163.com, 1, LIC=76F5U-SVYNL-GKQBG-VSE45-0UQXQ-AC40T
 
Tool Versions:
Toolchain:       MDK-ARM Plus  Version: 5.42.0.0
Toolchain Path:  D:\Application\Keil5 C51\ARM\ARMCLANG\Bin
C Compiler:      ArmClang.exe V6.23
Assembler:       Armasm.exe V6.23
Linker/Locator:  ArmLink.exe V6.23
Library Manager: ArmAr.exe V6.23
Hex Converter:   FromElf.exe V6.23
CPU DLL:         SARMCM3.DLL V5.42.0.0
Dialog DLL:      DARMCM1.DLL V1.19.6.0
Target DLL:      CMSIS_AGDI.dll V1.33.22.0
Dialog DLL:      TARMCM1.DLL V1.14.6.0
 
<h2>Project:</h2>
D:\Programme\SCM\25diansai\24DianSai\keil\empty_LP_MSPM0G3507_nortos_keil.uvprojx
Project File Date:  06/06/2025

<h2>Output:</h2>
*** Using Compiler 'V6.23', folder: 'D:\Application\Keil5 C51\ARM\ARMCLANG\Bin'
Rebuild target 'MSPM0G3507_Project'
Before Build - User command #1: D:\Programme\SCM\25diansai\24DianSai\tools\keil\syscfg.bat
Using Sysconfig Tool from "C:\ti\sysconfig_1.23.1\sysconfig_cli.bat"
"Update the file located at <sdk path>/tools/keil/syscfg.bat to use a different version"
此时不应有 SET。
assembling startup_mspm0g350x_uvision.s...
compiling dl_keystorectl.c...
compiling dl_vref.c...
compiling dl_timer.c...
compiling dl_lcd.c...
compiling dl_rtc_common.c...
compiling dl_mathacl.c...
compiling dl_dac12.c...
compiling dl_trng.c...
compiling empty.c...
compiling dl_opa.c...
compiling dl_lfss.c...
compiling dl_dma.c...
compiling dl_aesadv.c...
compiling dl_common.c...
compiling dl_crcp.c...
compiling dl_spi.c...
compiling dl_adc12.c...
compiling dl_crc.c...
compiling dl_flashctl.c...
compiling dl_interrupt.c...
compiling PID.c...
compiling dl_aes.c...
compiling dl_uart.c...
compiling dl_i2c.c...
compiling ti_msp_dl_config.c...
compiling encoder.c...
compiling board.c...
compiling motor.c...
compiling Sensor.c...
compiling dl_mcan.c...
compiling Cal_error_yaw.c...
linking...
Program Size: Code=6906 RO-data=278 RW-data=60 ZI-data=804  
".\Objects\empty_LP_MSPM0G3507_nortos_keil.axf" - 0 Error(s), 0 Warning(s).

<h2>Software Packages used:</h2>

Package Vendor: TexasInstruments
                http://software-dl.ti.com/msp430/esd/MSPM0-CMSIS/MSPM0G/latest/exports/TexasInstruments.MSPM0G_DFP.1.2.1.pack
                TexasInstruments::MSPM0G_DFP@1.2.1
                Device Family Pack for Texas Instruments MSPM0G Series

<h2>Collection of Component include folders:</h2>

<h2>Collection of Component Files used:</h2>
Build Time Elapsed:  00:00:02
</pre>
</body>
</html>
