Component: Arm Compiler for Embedded 6.23 Tool: armlink [5f102400]

==============================================================================

Section Cross References

    empty.o(.text.main) refers to ti_msp_dl_config.o(.text.SYSCFG_DL_init) for SYSCFG_DL_init
    empty.o(.text.main) refers to board.o(.text.delay_ms) for delay_ms
    empty.o(.text.main) refers to motor.o(.text.Set_PWM) for Set_PWM
    empty.o(.text.main) refers to pid.o(.text.PID_init) for PID_init
    empty.o(.text.main) refers to fflti.o(.text) for __aeabi_i2f
    empty.o(.text.main) refers to fmul.o(.text) for __aeabi_fmul
    empty.o(.text.main) refers to fcmplt.o(.text) for __aeabi_fcmplt
    empty.o(.text.main) refers to cal_error_yaw.o(.text.Yaw_error) for Yaw_error
    empty.o(.text.main) refers to sensor.o(.text.sensor_read) for sensor_read
    empty.o(.text.main) refers to sensor.o(.text.track_error) for track_error
    empty.o(.text.main) refers to ffixi.o(.text) for __aeabi_f2iz
    empty.o(.text.main) refers to pid.o(.text.PID_realize) for PID_realize
    empty.o(.text.main) refers to f2d.o(.text) for __aeabi_f2d
    empty.o(.text.main) refers to ddiv.o(.text) for __aeabi_ddiv
    empty.o(.text.main) refers to d2f.o(.text) for __aeabi_d2f
    empty.o(.text.main) refers to pid.o(.bss.PID_Link) for PID_Link
    empty.o(.text.main) refers to empty.o(.bss..L_MergedGlobals.3) for [Anonymous Symbol]
    empty.o(.text.main) refers to empty.o(.data..L_MergedGlobals) for [Anonymous Symbol]
    empty.o(.text.main) refers to board.o(.bss..L_MergedGlobals) for Yaw
    empty.o(.text.main) refers to fdiv.o(.text) for __aeabi_fdiv
    empty.o(.text.main) refers to sensor.o(.bss..L_MergedGlobals) for sensor_arr
    empty.o(.ARM.exidx.text.main) refers to empty.o(.text.main) for [Anonymous Symbol]
    empty.o(.text.TIMA0_IRQHandler) refers to printf1.o(i.__0sprintf$1) for __2sprintf
    empty.o(.text.TIMA0_IRQHandler) refers to empty.o(.bss..L_MergedGlobals.3) for [Anonymous Symbol]
    empty.o(.text.TIMA0_IRQHandler) refers to empty.o(.data..L_MergedGlobals) for [Anonymous Symbol]
    empty.o(.ARM.exidx.text.TIMA0_IRQHandler) refers to empty.o(.text.TIMA0_IRQHandler) for [Anonymous Symbol]
    startup_mspm0g350x_uvision.o(RESET) refers to startup_mspm0g350x_uvision.o(STACK) for __initial_sp
    startup_mspm0g350x_uvision.o(RESET) refers to startup_mspm0g350x_uvision.o(.text) for Reset_Handler
    startup_mspm0g350x_uvision.o(RESET) refers to encoder.o(.text.GROUP1_IRQHandler) for GROUP1_IRQHandler
    startup_mspm0g350x_uvision.o(RESET) refers to board.o(.text.UART0_IRQHandler) for UART0_IRQHandler
    startup_mspm0g350x_uvision.o(RESET) refers to empty.o(.text.TIMA0_IRQHandler) for TIMA0_IRQHandler
    startup_mspm0g350x_uvision.o(.text) refers to entry.o(.ARM.Collect$$$$00000000) for __main
    ti_msp_dl_config.o(.text.SYSCFG_DL_init) refers to ti_msp_dl_config.o(.text.SYSCFG_DL_initPower) for SYSCFG_DL_initPower
    ti_msp_dl_config.o(.text.SYSCFG_DL_init) refers to ti_msp_dl_config.o(.text.SYSCFG_DL_GPIO_init) for SYSCFG_DL_GPIO_init
    ti_msp_dl_config.o(.text.SYSCFG_DL_init) refers to ti_msp_dl_config.o(.text.SYSCFG_DL_SYSCTL_init) for SYSCFG_DL_SYSCTL_init
    ti_msp_dl_config.o(.text.SYSCFG_DL_init) refers to ti_msp_dl_config.o(.text.SYSCFG_DL_PWM_0_init) for SYSCFG_DL_PWM_0_init
    ti_msp_dl_config.o(.text.SYSCFG_DL_init) refers to ti_msp_dl_config.o(.text.SYSCFG_DL_TIMER_0_init) for SYSCFG_DL_TIMER_0_init
    ti_msp_dl_config.o(.text.SYSCFG_DL_init) refers to ti_msp_dl_config.o(.text.SYSCFG_DL_I2C_MPU6050_init) for SYSCFG_DL_I2C_MPU6050_init
    ti_msp_dl_config.o(.text.SYSCFG_DL_init) refers to ti_msp_dl_config.o(.text.SYSCFG_DL_I2C_OLED_init) for SYSCFG_DL_I2C_OLED_init
    ti_msp_dl_config.o(.text.SYSCFG_DL_init) refers to ti_msp_dl_config.o(.text.SYSCFG_DL_UART_DM_IMU_init) for SYSCFG_DL_UART_DM_IMU_init
    ti_msp_dl_config.o(.text.SYSCFG_DL_init) refers to ti_msp_dl_config.o(.text.SYSCFG_DL_SYSTICK_init) for SYSCFG_DL_SYSTICK_init
    ti_msp_dl_config.o(.text.SYSCFG_DL_init) refers to ti_msp_dl_config.o(.bss.gTIMER_0Backup) for gTIMER_0Backup
    ti_msp_dl_config.o(.text.SYSCFG_DL_init) refers to ti_msp_dl_config.o(.bss.gPWM_0Backup) for gPWM_0Backup
    ti_msp_dl_config.o(.ARM.exidx.text.SYSCFG_DL_init) refers to ti_msp_dl_config.o(.text.SYSCFG_DL_init) for [Anonymous Symbol]
    ti_msp_dl_config.o(.text.SYSCFG_DL_initPower) refers to dl_common.o(.text.DL_Common_delayCycles) for DL_Common_delayCycles
    ti_msp_dl_config.o(.ARM.exidx.text.SYSCFG_DL_initPower) refers to ti_msp_dl_config.o(.text.SYSCFG_DL_initPower) for [Anonymous Symbol]
    ti_msp_dl_config.o(.ARM.exidx.text.SYSCFG_DL_GPIO_init) refers to ti_msp_dl_config.o(.text.SYSCFG_DL_GPIO_init) for [Anonymous Symbol]
    ti_msp_dl_config.o(.ARM.exidx.text.SYSCFG_DL_SYSCTL_init) refers to ti_msp_dl_config.o(.text.SYSCFG_DL_SYSCTL_init) for [Anonymous Symbol]
[...]
    Removing dl_mcan.o(.ARM.exidx.text.DL_MCAN_setTxPinState), (8 bytes).
    Removing dl_mcan.o(.text.DL_MCAN_getTxPinState), (16 bytes).
    Removing dl_mcan.o(.ARM.exidx.text.DL_MCAN_getTxPinState), (8 bytes).
    Removing dl_mcan.o(.text.DL_MCAN_getTSCounterVal), (12 bytes).
    Removing dl_mcan.o(.ARM.exidx.text.DL_MCAN_getTSCounterVal), (8 bytes).
    Removing dl_mcan.o(.text.DL_MCAN_getClkStopAck), (16 bytes).
    Removing dl_mcan.o(.ARM.exidx.text.DL_MCAN_getClkStopAck), (8 bytes).
    Removing dl_mcan.o(.text.DL_MCAN_getBitTime), (76 bytes).
    Removing dl_mcan.o(.ARM.exidx.text.DL_MCAN_getBitTime), (8 bytes).
    Removing dl_mcan.o(.text.DL_MCAN_resetTSCounter), (20 bytes).
    Removing dl_mcan.o(.ARM.exidx.text.DL_MCAN_resetTSCounter), (8 bytes).
    Removing dl_mcan.o(.text.DL_MCAN_getTOCounterVal), (12 bytes).
    Removing dl_mcan.o(.ARM.exidx.text.DL_MCAN_getTOCounterVal), (8 bytes).
    Removing dl_mcan.o(.text.DL_MCAN_eccAggrGetRevisionId), (32 bytes).
    Removing dl_mcan.o(.ARM.exidx.text.DL_MCAN_eccAggrGetRevisionId), (8 bytes).
    Removing dl_mcan.o(.text.DL_MCAN_eccWrapGetRevisionId), (84 bytes).
    Removing dl_mcan.o(.ARM.exidx.text.DL_MCAN_eccWrapGetRevisionId), (8 bytes).
    Removing dl_mcan.o(.text.DL_MCAN_extTSIsIntrEnable), (16 bytes).
    Removing dl_mcan.o(.ARM.exidx.text.DL_MCAN_extTSIsIntrEnable), (8 bytes).
    Removing dl_mcan.o(.text.DL_MCAN_getEndianVal), (12 bytes).
    Removing dl_mcan.o(.ARM.exidx.text.DL_MCAN_getEndianVal), (8 bytes).
    Removing dl_mcan.o(.text.DL_MCAN_getExtIDANDMask), (16 bytes).
    Removing dl_mcan.o(.ARM.exidx.text.DL_MCAN_getExtIDANDMask), (8 bytes).
    Removing dl_mcan.o(.text.DL_MCAN_saveConfiguration), (304 bytes).
    Removing dl_mcan.o(.ARM.exidx.text.DL_MCAN_saveConfiguration), (8 bytes).
    Removing dl_mcan.o(.text.DL_MCAN_restoreConfiguration), (344 bytes).
    Removing dl_mcan.o(.ARM.exidx.text.DL_MCAN_restoreConfiguration), (8 bytes).
    Removing dl_mcan.o(.rodata..L__const.DL_MCAN_getDataSize.dataSize), (64 bytes).
    Removing dl_mcan.o(.rodata.cst32), (32 bytes).
    Removing dl_mathacl.o(.text), (0 bytes).
    Removing dl_mathacl.o(.text.DL_MathACL_configOperation), (40 bytes).
    Removing dl_mathacl.o(.ARM.exidx.text.DL_MathACL_configOperation), (8 bytes).
    Removing dl_lfss.o(.text), (0 bytes).
    Removing dl_lcd.o(.text), (0 bytes).
    Removing dl_keystorectl.o(.text), (0 bytes).
    Removing dl_i2c.o(.text), (0 bytes).
    Removing dl_i2c.o(.ARM.exidx.text.DL_I2C_setClockConfig), (8 bytes).
    Removing dl_i2c.o(.text.DL_I2C_getClockConfig), (26 bytes).
    Removing dl_i2c.o(.ARM.exidx.text.DL_I2C_getClockConfig), (8 bytes).
    Removing dl_i2c.o(.text.DL_I2C_fillControllerTXFIFO), (152 bytes).
    Removing dl_i2c.o(.ARM.exidx.text.DL_I2C_fillControllerTXFIFO), (8 bytes).
    Removing dl_i2c.o(.text.DL_I2C_flushControllerTXFIFO), (68 bytes).
    Removing dl_i2c.o(.ARM.exidx.text.DL_I2C_flushControllerTXFIFO), (8 bytes).
    Removing dl_i2c.o(.text.DL_I2C_flushControllerRXFIFO), (52 bytes).
    Removing dl_i2c.o(.ARM.exidx.text.DL_I2C_flushControllerRXFIFO), (8 bytes).
    Removing dl_i2c.o(.text.DL_I2C_fillTargetTXFIFO), (156 bytes).
    Removing dl_i2c.o(.ARM.exidx.text.DL_I2C_fillTargetTXFIFO), (8 bytes).
    Removing dl_i2c.o(.text.DL_I2C_flushTargetTXFIFO), (68 bytes).
    Removing dl_i2c.o(.ARM.exidx.text.DL_I2C_flushTargetTXFIFO), (8 bytes).
    Removing dl_i2c.o(.text.DL_I2C_flushTargetRXFIFO), (52 bytes).
    Removing dl_i2c.o(.ARM.exidx.text.DL_I2C_flushTargetRXFIFO), (8 bytes).
    Removing dl_i2c.o(.text.DL_I2C_transmitTargetDataBlocking), (36 bytes).
    Removing dl_i2c.o(.ARM.exidx.text.DL_I2C_transmitTargetDataBlocking), (8 bytes).
    Removing dl_i2c.o(.text.DL_I2C_transmitTargetDataCheck), (28 bytes).
    Removing dl_i2c.o(.ARM.exidx.text.DL_I2C_transmitTargetDataCheck), (8 bytes).
    Removing dl_i2c.o(.text.DL_I2C_receiveTargetDataBlocking), (40 bytes).
    Removing dl_i2c.o(.ARM.exidx.text.DL_I2C_receiveTargetDataBlocking), (8 bytes).
    Removing dl_i2c.o(.text.DL_I2C_receiveTargetDataCheck), (24 bytes).
    Removing dl_i2c.o(.ARM.exidx.text.DL_I2C_receiveTargetDataCheck), (8 bytes).
    Removing dl_flashctl.o(.text), (0 bytes).
    Removing dl_flashctl.o(.text.DL_FlashCTL_eraseMemory), (26 bytes).
    Removing dl_flashctl.o(.ARM.exidx.text.DL_FlashCTL_eraseMemory), (8 bytes).
    Removing dl_flashctl.o(.text.DL_FlashCTL_eraseMemoryFromRAM), (24 bytes).
    Removing dl_flashctl.o(.ARM.exidx.text.DL_FlashCTL_eraseMemoryFromRAM), (8 bytes).
    Removing dl_flashctl.o(.ramfunc), (64 bytes).
    Removing dl_flashctl.o(.ARM.exidx.ramfunc), (8 bytes).
    Removing dl_flashctl.o(.text.DL_FlashCTL_massErase), (196 bytes).
    Removing dl_flashctl.o(.ARM.exidx.text.DL_FlashCTL_massErase), (8 bytes).
    Removing dl_flashctl.o(.text.DL_FlashCTL_unprotectMainMemory), (20 bytes).
    Removing dl_flashctl.o(.ARM.exidx.text.DL_FlashCTL_unprotectMainMemory), (8 bytes).
    Removing dl_flashctl.o(.text.DL_FlashCTL_protectNonMainMemory), (16 bytes).
    Removing dl_flashctl.o(.ARM.exidx.text.DL_FlashCTL_protectNonMainMemory), (8 bytes).
    Removing dl_flashctl.o(.text.DL_FlashCTL_eraseDataBank), (84 bytes).
    Removing dl_flashctl.o(.ARM.exidx.text.DL_FlashCTL_eraseDataBank), (8 bytes).
    Removing dl_flashctl.o(.text.DL_FlashCTL_massEraseFromRAM), (116 bytes).
    Removing dl_flashctl.o(.ARM.exidx.text.DL_FlashCTL_massEraseFromRAM), (8 bytes).
    Removing dl_flashctl.o(.text.DL_FlashCTL_eraseDataBankFromRAM), (44 bytes).
    Removing dl_flashctl.o(.ARM.exidx.text.DL_FlashCTL_eraseDataBankFromRAM), (8 bytes).
    Removing dl_flashctl.o(.text.DL_FlashCTL_massEraseMultiBank), (624 bytes).
    Removing dl_flashctl.o(.ARM.exidx.text.DL_FlashCTL_massEraseMultiBank), (8 bytes).
    Removing dl_flashctl.o(.text.DL_FlashCTL_factoryReset), (260 bytes).
    Removing dl_flashctl.o(.ARM.exidx.text.DL_FlashCTL_factoryReset), (8 bytes).
    Removing dl_flashctl.o(.text.DL_FlashCTL_unprotectNonMainMemory), (12 bytes).
    Removing dl_flashctl.o(.ARM.exidx.text.DL_FlashCTL_unprotectNonMainMemory), (8 bytes).
    Removing dl_flashctl.o(.text.DL_FlashCTL_factoryResetFromRAM), (144 bytes).
    Removing dl_flashctl.o(.ARM.exidx.text.DL_FlashCTL_factoryResetFromRAM), (8 bytes).
    Removing dl_flashctl.o(.text.DL_FlashCTL_factoryResetMultiBank), (100 bytes).
    Removing dl_flashctl.o(.ARM.exidx.text.DL_FlashCTL_factoryResetMultiBank), (8 bytes).
    Removing dl_flashctl.o(.text.DL_FlashCTL_programMemory8), (30 bytes).
    Removing dl_flashctl.o(.ARM.exidx.text.DL_FlashCTL_programMemory8), (8 bytes).
    Removing dl_flashctl.o(.text.DL_FlashCTL_programMemoryFromRAM8), (36 bytes).
    Removing dl_flashctl.o(.ARM.exidx.text.DL_FlashCTL_programMemoryFromRAM8), (8 bytes).
    Removing dl_flashctl.o(.text.DL_FlashCTL_programMemory16), (32 bytes).
    Removing dl_flashctl.o(.ARM.exidx.text.DL_FlashCTL_programMemory16), (8 bytes).
    Removing dl_flashctl.o(.text.DL_FlashCTL_programMemoryFromRAM16), (40 bytes).
    Removing dl_flashctl.o(.ARM.exidx.text.DL_FlashCTL_programMemoryFromRAM16), (8 bytes).
    Removing dl_flashctl.o(.text.DL_FlashCTL_programMemory32), (32 bytes).
    Removing dl_flashctl.o(.ARM.exidx.text.DL_FlashCTL_programMemory32), (8 bytes).
    Removing dl_flashctl.o(.text.DL_FlashCTL_programMemoryFromRAM32), (40 bytes).
    Removing dl_flashctl.o(.ARM.exidx.text.DL_FlashCTL_programMemoryFromRAM32), (8 bytes).
    Removing dl_flashctl.o(.text.DL_FlashCTL_programMemory64), (36 bytes).
    Removing dl_flashctl.o(.ARM.exidx.text.DL_FlashCTL_programMemory64), (8 bytes).
    Removing dl_flashctl.o(.text.DL_FlashCTL_programMemoryFromRAM64), (44 bytes).
    Removing dl_flashctl.o(.ARM.exidx.text.DL_FlashCTL_programMemoryFromRAM64), (8 bytes).
    Removing dl_flashctl.o(.text.DL_FlashCTL_programMemory8WithECCGenerated), (34 bytes).
    Removing dl_flashctl.o(.ARM.exidx.text.DL_FlashCTL_programMemory8WithECCGenerated), (8 bytes).
    Removing dl_flashctl.o(.text.DL_FlashCTL_programMemoryFromRAM8WithECCGenerated), (40 bytes).
    Removing dl_flashctl.o(.ARM.exidx.text.DL_FlashCTL_programMemoryFromRAM8WithECCGenerated), (8 bytes).
    Removing dl_flashctl.o(.text.DL_FlashCTL_programMemory16WithECCGenerated), (34 bytes).
    Removing dl_flashctl.o(.ARM.exidx.text.DL_FlashCTL_programMemory16WithECCGenerated), (8 bytes).
    Removing dl_flashctl.o(.text.DL_FlashCTL_programMemoryFromRAM16WithECCGenerated), (40 bytes).
    Removing dl_flashctl.o(.ARM.exidx.text.DL_FlashCTL_programMemoryFromRAM16WithECCGenerated), (8 bytes).
    Removing dl_flashctl.o(.text.DL_FlashCTL_programMemory32WithECCGenerated), (34 bytes).
    Removing dl_flashctl.o(.ARM.exidx.text.DL_FlashCTL_programMemory32WithECCGenerated), (8 bytes).
    Removing dl_flashctl.o(.text.DL_FlashCTL_programMemoryFromRAM32WithECCGenerated), (40 bytes).
    Removing dl_flashctl.o(.ARM.exidx.text.DL_FlashCTL_programMemoryFromRAM32WithECCGenerated), (8 bytes).
    Removing dl_flashctl.o(.text.DL_FlashCTL_programMemory64WithECCGenerated), (40 bytes).
    Removing dl_flashctl.o(.ARM.exidx.text.DL_FlashCTL_programMemory64WithECCGenerated), (8 bytes).
    Removing dl_flashctl.o(.text.DL_FlashCTL_programMemoryFromRAM64WithECCGenerated), (48 bytes).
    Removing dl_flashctl.o(.ARM.exidx.text.DL_FlashCTL_programMemoryFromRAM64WithECCGenerated), (8 bytes).
    Removing dl_flashctl.o(.text.DL_FlashCTL_programMemory8WithECCManual), (56 bytes).
    Removing dl_flashctl.o(.ARM.exidx.text.DL_FlashCTL_programMemory8WithECCManual), (8 bytes).
    Removing dl_flashctl.o(.text.DL_FlashCTL_programMemoryFromRAM8WithECCManual), (52 bytes).
    Removing dl_flashctl.o(.ARM.exidx.text.DL_FlashCTL_programMemoryFromRAM8WithECCManual), (8 bytes).
    Removing dl_flashctl.o(.text.DL_FlashCTL_programMemory16WithECCManual), (56 bytes).
    Removing dl_flashctl.o(.ARM.exidx.text.DL_FlashCTL_programMemory16WithECCManual), (8 bytes).
    Removing dl_flashctl.o(.text.DL_FlashCTL_programMemoryFromRAM16WithECCManual), (52 bytes).
    Removing dl_flashctl.o(.ARM.exidx.text.DL_FlashCTL_programMemoryFromRAM16WithECCManual), (8 bytes).
    Removing dl_flashctl.o(.text.DL_FlashCTL_programMemory32WithECCManual), (56 bytes).
    Removing dl_flashctl.o(.ARM.exidx.text.DL_FlashCTL_programMemory32WithECCManual), (8 bytes).
    Removing dl_flashctl.o(.text.DL_FlashCTL_programMemoryFromRAM32WithECCManual), (52 bytes).
    Removing dl_flashctl.o(.ARM.exidx.text.DL_FlashCTL_programMemoryFromRAM32WithECCManual), (8 bytes).
    Removing dl_flashctl.o(.text.DL_FlashCTL_programMemory64WithECCManual), (60 bytes).
    Removing dl_flashctl.o(.ARM.exidx.text.DL_FlashCTL_programMemory64WithECCManual), (8 bytes).
    Removing dl_flashctl.o(.text.DL_FlashCTL_programMemoryFromRAM64WithECCManual), (56 bytes).
    Removing dl_flashctl.o(.ARM.exidx.text.DL_FlashCTL_programMemoryFromRAM64WithECCManual), (8 bytes).
    Removing dl_flashctl.o(.text.DL_FlashCTL_programMemoryBlocking64WithECCGenerated), (148 bytes).
    Removing dl_flashctl.o(.ARM.exidx.text.DL_FlashCTL_programMemoryBlocking64WithECCGenerated), (8 bytes).
    Removing dl_flashctl.o(.text.DL_FlashCTL_unprotectSector), (204 bytes).
    Removing dl_flashctl.o(.ARM.exidx.text.DL_FlashCTL_unprotectSector), (8 bytes).
    Removing dl_flashctl.o(.text.DL_FlashCTL_programMemoryBlockingFromRAM64WithECCGenerated), (112 bytes).
    Removing dl_flashctl.o(.ARM.exidx.text.DL_FlashCTL_programMemoryBlockingFromRAM64WithECCGenerated), (8 bytes).
    Removing dl_flashctl.o(.text.DL_FlashCTL_programMemoryBlocking64WithECCManual), (180 bytes).
    Removing dl_flashctl.o(.ARM.exidx.text.DL_FlashCTL_programMemoryBlocking64WithECCManual), (8 bytes).
    Removing dl_flashctl.o(.text.DL_FlashCTL_programMemoryBlockingFromRAM64WithECCManual), (132 bytes).
    Removing dl_flashctl.o(.ARM.exidx.text.DL_FlashCTL_programMemoryBlockingFromRAM64WithECCManual), (8 bytes).
    Removing dl_flashctl.o(.text.DL_FlashCTL_programMemoryBlocking), (168 bytes).
    Removing dl_flashctl.o(.ARM.exidx.text.DL_FlashCTL_programMemoryBlocking), (8 bytes).
    Removing dl_flashctl.o(.text.DL_FlashCTL_programMemoryFromRAM), (136 bytes).
    Removing dl_flashctl.o(.ARM.exidx.text.DL_FlashCTL_programMemoryFromRAM), (8 bytes).
    Removing dl_flashctl.o(.text.DL_FlashCTL_unprotectDataMemory), (20 bytes).
    Removing dl_flashctl.o(.ARM.exidx.text.DL_FlashCTL_unprotectDataMemory), (8 bytes).
    Removing dl_flashctl.o(.text.DL_FlashCTL_protectMainMemory), (20 bytes).
    Removing dl_flashctl.o(.ARM.exidx.text.DL_FlashCTL_protectMainMemory), (8 bytes).
    Removing dl_flashctl.o(.text.DL_FlashCTL_unprotectAllMemory), (32 bytes).
    Removing dl_flashctl.o(.ARM.exidx.text.DL_FlashCTL_unprotectAllMemory), (8 bytes).
    Removing dl_flashctl.o(.text.DL_FlashCTL_protectAllMemory), (36 bytes).
    Removing dl_flashctl.o(.ARM.exidx.text.DL_FlashCTL_protectAllMemory), (8 bytes).
    Removing dl_flashctl.o(.text.DL_FlashCTL_protectSector), (252 bytes).
    Removing dl_flashctl.o(.ARM.exidx.text.DL_FlashCTL_protectSector), (8 bytes).
    Removing dl_flashctl.o(.text.DL_FlashCTL_readVerify8), (32 bytes).
    Removing dl_flashctl.o(.ARM.exidx.text.DL_FlashCTL_readVerify8), (8 bytes).
    Removing dl_flashctl.o(.text.DL_FlashCTL_readVerify16), (32 bytes).
    Removing dl_flashctl.o(.ARM.exidx.text.DL_FlashCTL_readVerify16), (8 bytes).
    Removing dl_flashctl.o(.text.DL_FlashCTL_readVerify32), (34 bytes).
    Removing dl_flashctl.o(.ARM.exidx.text.DL_FlashCTL_readVerify32), (8 bytes).
    Removing dl_flashctl.o(.text.DL_FlashCTL_readVerify64), (38 bytes).
    Removing dl_flashctl.o(.ARM.exidx.text.DL_FlashCTL_readVerify64), (8 bytes).
    Removing dl_flashctl.o(.text.DL_FlashCTL_readVerifyFromRAM8), (40 bytes).
    Removing dl_flashctl.o(.ARM.exidx.text.DL_FlashCTL_readVerifyFromRAM8), (8 bytes).
    Removing dl_flashctl.o(.text.DL_FlashCTL_readVerifyFromRAM16), (36 bytes).
    Removing dl_flashctl.o(.ARM.exidx.text.DL_FlashCTL_readVerifyFromRAM16), (8 bytes).
    Removing dl_flashctl.o(.text.DL_FlashCTL_readVerifyFromRAM32), (40 bytes).
    Removing dl_flashctl.o(.ARM.exidx.text.DL_FlashCTL_readVerifyFromRAM32), (8 bytes).
    Removing dl_flashctl.o(.text.DL_FlashCTL_readVerifyFromRAM64), (44 bytes).
    Removing dl_flashctl.o(.ARM.exidx.text.DL_FlashCTL_readVerifyFromRAM64), (8 bytes).
    Removing dl_flashctl.o(.text.DL_FlashCTL_readVerifyFromRAM8WithECCGenerated), (40 bytes).
    Removing dl_flashctl.o(.ARM.exidx.text.DL_FlashCTL_readVerifyFromRAM8WithECCGenerated), (8 bytes).
    Removing dl_flashctl.o(.text.DL_FlashCTL_readVerifyFromRAM16WithECCGenerated), (40 bytes).
    Removing dl_flashctl.o(.ARM.exidx.text.DL_FlashCTL_readVerifyFromRAM16WithECCGenerated), (8 bytes).
    Removing dl_flashctl.o(.text.DL_FlashCTL_readVerifyFromRAM32WithECCGenerated), (40 bytes).
    Removing dl_flashctl.o(.ARM.exidx.text.DL_FlashCTL_readVerifyFromRAM32WithECCGenerated), (8 bytes).
    Removing dl_flashctl.o(.text.DL_FlashCTL_readVerifyFromRAM64WithECCGenerated), (48 bytes).
    Removing dl_flashctl.o(.ARM.exidx.text.DL_FlashCTL_readVerifyFromRAM64WithECCGenerated), (8 bytes).
    Removing dl_flashctl.o(.text.DL_FlashCTL_readVerifyFromRAM8WithECCManual), (52 bytes).
    Removing dl_flashctl.o(.ARM.exidx.text.DL_FlashCTL_readVerifyFromRAM8WithECCManual), (8 bytes).
    Removing dl_flashctl.o(.text.DL_FlashCTL_readVerifyFromRAM16WithECCManual), (52 bytes).
    Removing dl_flashctl.o(.ARM.exidx.text.DL_FlashCTL_readVerifyFromRAM16WithECCManual), (8 bytes).
    Removing dl_flashctl.o(.text.DL_FlashCTL_readVerifyFromRAM32WithECCManual), (52 bytes).
    Removing dl_flashctl.o(.ARM.exidx.text.DL_FlashCTL_readVerifyFromRAM32WithECCManual), (8 bytes).
    Removing dl_flashctl.o(.text.DL_FlashCTL_readVerifyFromRAM64WithECCManual), (56 bytes).
    Removing dl_flashctl.o(.ARM.exidx.text.DL_FlashCTL_readVerifyFromRAM64WithECCManual), (8 bytes).
    Removing dl_flashctl.o(.text.DL_FlashCTL_readVerify8WithECCGenerated), (36 bytes).
    Removing dl_flashctl.o(.ARM.exidx.text.DL_FlashCTL_readVerify8WithECCGenerated), (8 bytes).
    Removing dl_flashctl.o(.text.DL_FlashCTL_readVerify16WithECCGenerated), (36 bytes).
    Removing dl_flashctl.o(.ARM.exidx.text.DL_FlashCTL_readVerify16WithECCGenerated), (8 bytes).
    Removing dl_flashctl.o(.text.DL_FlashCTL_readVerify32WithECCGenerated), (36 bytes).
    Removing dl_flashctl.o(.ARM.exidx.text.DL_FlashCTL_readVerify32WithECCGenerated), (8 bytes).
    Removing dl_flashctl.o(.text.DL_FlashCTL_readVerify64WithECCGenerated), (44 bytes).
    Removing dl_flashctl.o(.ARM.exidx.text.DL_FlashCTL_readVerify64WithECCGenerated), (8 bytes).
    Removing dl_flashctl.o(.text.DL_FlashCTL_readVerify8WithECCManual), (48 bytes).
    Removing dl_flashctl.o(.ARM.exidx.text.DL_FlashCTL_readVerify8WithECCManual), (8 bytes).
    Removing dl_flashctl.o(.text.DL_FlashCTL_readVerify16WithECCManual), (48 bytes).
    Removing dl_flashctl.o(.ARM.exidx.text.DL_FlashCTL_readVerify16WithECCManual), (8 bytes).
    Removing dl_flashctl.o(.text.DL_FlashCTL_readVerify32WithECCManual), (48 bytes).
    Removing dl_flashctl.o(.ARM.exidx.text.DL_FlashCTL_readVerify32WithECCManual), (8 bytes).
    Removing dl_flashctl.o(.text.DL_FlashCTL_readVerify64WithECCManual), (52 bytes).
    Removing dl_flashctl.o(.ARM.exidx.text.DL_FlashCTL_readVerify64WithECCManual), (8 bytes).
    Removing dl_flashctl.o(.text.DL_FlashCTL_blankVerify), (24 bytes).
    Removing dl_flashctl.o(.ARM.exidx.text.DL_FlashCTL_blankVerify), (8 bytes).
    Removing dl_flashctl.o(.text.DL_FlashCTL_blankVerifyFromRAM), (24 bytes).
    Removing dl_flashctl.o(.ARM.exidx.text.DL_FlashCTL_blankVerifyFromRAM), (8 bytes).
    Removing dl_dma.o(.text), (0 bytes).
    Removing dl_dma.o(.text.DL_DMA_initChannel), (68 bytes).
    Removing dl_dma.o(.ARM.exidx.text.DL_DMA_initChannel), (8 bytes).
    Removing dl_dac12.o(.text), (0 bytes).
    Removing dl_dac12.o(.text.DL_DAC12_init), (140 bytes).
    Removing dl_dac12.o(.ARM.exidx.text.DL_DAC12_init), (8 bytes).
    Removing dl_dac12.o(.text.DL_DAC12_outputBlocking8), (48 bytes).
    Removing dl_dac12.o(.ARM.exidx.text.DL_DAC12_outputBlocking8), (8 bytes).
    Removing dl_dac12.o(.text.DL_DAC12_outputBlocking12), (56 bytes).
    Removing dl_dac12.o(.ARM.exidx.text.DL_DAC12_outputBlocking12), (8 bytes).
    Removing dl_dac12.o(.text.DL_DAC12_fillFIFO8), (160 bytes).
    Removing dl_dac12.o(.ARM.exidx.text.DL_DAC12_fillFIFO8), (8 bytes).
    Removing dl_dac12.o(.text.DL_DAC12_fillFIFO12), (56 bytes).
    Removing dl_dac12.o(.ARM.exidx.text.DL_DAC12_fillFIFO12), (8 bytes).
    Removing dl_dac12.o(.text.DL_DAC12_performSelfCalibrationBlocking), (36 bytes).
    Removing dl_dac12.o(.ARM.exidx.text.DL_DAC12_performSelfCalibrationBlocking), (8 bytes).
    Removing dl_crcp.o(.text), (0 bytes).
    Removing dl_crc.o(.text), (0 bytes).
    Removing dl_crc.o(.text.DL_CRC_calculateBlock32), (92 bytes).
    Removing dl_crc.o(.ARM.exidx.text.DL_CRC_calculateBlock32), (8 bytes).
    Removing dl_crc.o(.text.DL_CRC_calculateMemoryRange32), (52 bytes).
    Removing dl_crc.o(.ARM.exidx.text.DL_CRC_calculateMemoryRange32), (8 bytes).
    Removing dl_crc.o(.text.DL_CRC_calculateBlock16), (156 bytes).
    Removing dl_crc.o(.ARM.exidx.text.DL_CRC_calculateBlock16), (8 bytes).
    Removing dl_crc.o(.text.DL_CRC_calculateMemoryRange16), (104 bytes).
    Removing dl_crc.o(.ARM.exidx.text.DL_CRC_calculateMemoryRange16), (8 bytes).
    Removing dl_common.o(.text), (0 bytes).
    Removing dl_common.o(.ARM.exidx.text.DL_Common_delayCycles), (8 bytes).
    Removing dl_aesadv.o(.text), (0 bytes).
    Removing dl_aes.o(.text), (0 bytes).
    Removing dl_aes.o(.text.DL_AES_setKey), (72 bytes).
    Removing dl_aes.o(.ARM.exidx.text.DL_AES_setKey), (8 bytes).
    Removing dl_aes.o(.text.DL_AES_setKeyAligned), (56 bytes).
    Removing dl_aes.o(.ARM.exidx.text.DL_AES_setKeyAligned), (8 bytes).
    Removing dl_aes.o(.text.DL_AES_loadDataIn), (40 bytes).
    Removing dl_aes.o(.ARM.exidx.text.DL_AES_loadDataIn), (8 bytes).
    Removing dl_aes.o(.text.DL_AES_loadDataInAligned), (24 bytes).
    Removing dl_aes.o(.ARM.exidx.text.DL_AES_loadDataInAligned), (8 bytes).
    Removing dl_aes.o(.text.DL_AES_getDataOut), (36 bytes).
    Removing dl_aes.o(.ARM.exidx.text.DL_AES_getDataOut), (8 bytes).
    Removing dl_aes.o(.text.DL_AES_getDataOutAligned), (24 bytes).
    Removing dl_aes.o(.ARM.exidx.text.DL_AES_getDataOutAligned), (8 bytes).
    Removing dl_aes.o(.text.DL_AES_loadXORDataIn), (40 bytes).
    Removing dl_aes.o(.ARM.exidx.text.DL_AES_loadXORDataIn), (8 bytes).
    Removing dl_aes.o(.text.DL_AES_loadXORDataInAligned), (24 bytes).
    Removing dl_aes.o(.ARM.exidx.text.DL_AES_loadXORDataInAligned), (8 bytes).
    Removing dl_aes.o(.text.DL_AES_loadXORDataInWithoutTrigger), (40 bytes).
    Removing dl_aes.o(.ARM.exidx.text.DL_AES_loadXORDataInWithoutTrigger), (8 bytes).
    Removing dl_aes.o(.text.DL_AES_loadXORDataInWithoutTriggerAligned), (24 bytes).
    Removing dl_aes.o(.ARM.exidx.text.DL_AES_loadXORDataInWithoutTriggerAligned), (8 bytes).
    Removing dl_aes.o(.text.DL_AES_xorData), (52 bytes).
    Removing dl_aes.o(.ARM.exidx.text.DL_AES_xorData), (8 bytes).
    Removing dl_aes.o(.text.DL_AES_xorDataAligned), (36 bytes).
    Removing dl_aes.o(.ARM.exidx.text.DL_AES_xorDataAligned), (8 bytes).
    Removing dl_aes.o(.text.DL_AES_saveConfiguration), (84 bytes).
    Removing dl_aes.o(.ARM.exidx.text.DL_AES_saveConfiguration), (8 bytes).
    Removing dl_aes.o(.text.DL_AES_restoreConfiguration), (80 bytes).
    Removing dl_aes.o(.ARM.exidx.text.DL_AES_restoreConfiguration), (8 bytes).
    Removing dl_adc12.o(.text), (0 bytes).
    Removing dl_adc12.o(.text.DL_ADC12_setClockConfig), (64 bytes).
    Removing dl_adc12.o(.ARM.exidx.text.DL_ADC12_setClockConfig), (8 bytes).
    Removing dl_adc12.o(.text.DL_ADC12_getClockConfig), (40 bytes).
    Removing dl_adc12.o(.ARM.exidx.text.DL_ADC12_getClockConfig), (8 bytes).
    Removing dl_interrupt.o(.text), (0 bytes).
    Removing dl_interrupt.o(.text.DL_Interrupt_registerInterrupt), (284 bytes).
    Removing dl_interrupt.o(.ARM.exidx.text.DL_Interrupt_registerInterrupt), (8 bytes).
    Removing dl_interrupt.o(.text.DL_Interrupt_unregisterInterrupt), (20 bytes).
    Removing dl_interrupt.o(.ARM.exidx.text.DL_Interrupt_unregisterInterrupt), (8 bytes).
    Removing dl_interrupt.o(.vtable), (192 bytes).
    Removing encoder.o(.text), (0 bytes).
    Removing encoder.o(.ARM.exidx.text.GROUP1_IRQHandler), (8 bytes).
    Removing motor.o(.text), (0 bytes).
    Removing motor.o(.text.Velocity_A), (108 bytes).
    Removing motor.o(.ARM.exidx.text.Velocity_A), (8 bytes).
    Removing motor.o(.text.Velocity_B), (108 bytes).
    Removing motor.o(.ARM.exidx.text.Velocity_B), (8 bytes).
    Removing motor.o(.ARM.exidx.text.Set_PWM), (8 bytes).
    Removing motor.o(.bss.Velcity_Kd), (4 bytes).
    Removing motor.o(.data..L_MergedGlobals), (8 bytes).
    Removing motor.o(.bss..L_MergedGlobals.1), (16 bytes).
    Removing pid.o(.text), (0 bytes).
    Removing pid.o(.ARM.exidx.text.PID_init), (8 bytes).
    Removing pid.o(.ARM.exidx.text.PID_realize), (8 bytes).
    Removing sensor.o(.text), (0 bytes).
    Removing sensor.o(.ARM.exidx.text.sensor_read), (8 bytes).
    Removing sensor.o(.ARM.exidx.text.track_error), (8 bytes).
    Removing sensor.o(.bss.pause_falg), (4 bytes).
    Removing cal_error_yaw.o(.text), (0 bytes).
    Removing cal_error_yaw.o(.text.myfabs), (8 bytes).
    Removing cal_error_yaw.o(.ARM.exidx.text.myfabs), (8 bytes).
    Removing cal_error_yaw.o(.ARM.exidx.text.Yaw_error), (8 bytes).
    Removing dadd.o(.text), (356 bytes).
    Removing dmul.o(.text), (208 bytes).
    Removing dfixul.o(.text), (64 bytes).
    Removing cdrcmple.o(.text), (40 bytes).

664 unused section(s) (total 24548 bytes) removed from the image.

==============================================================================

Image Symbol Table

    Local Symbols

    Symbol Name                              Value     Ov Type        Size  Object(Section)

    ../clib/division.s                       0x00000000   Number         0  aeabi_sdivfast.o ABSOLUTE
    ../clib/division.s                       0x00000000   Number         0  aeabi_sdivfast_div0.o ABSOLUTE
    ../clib/microlib/division.c              0x00000000   Number         0  uidiv.o ABSOLUTE
    ../clib/microlib/division.c              0x00000000   Number         0  uidiv_div0.o ABSOLUTE
    ../clib/microlib/division.c              0x00000000   Number         0  idiv_div0.o ABSOLUTE
    ../clib/microlib/division.c              0x00000000   Number         0  idiv0.o ABSOLUTE
    ../clib/microlib/division.c              0x00000000   Number         0  uldiv.o ABSOLUTE
    ../clib/microlib/init/entry.s            0x00000000   Number         0  entry.o ABSOLUTE
    ../clib/microlib/init/entry.s            0x00000000   Number         0  entry2.o ABSOLUTE
    ../clib/microlib/init/entry.s            0x00000000   Number         0  entry5.o ABSOLUTE
    ../clib/microlib/init/entry.s            0x00000000   Number         0  entry7a.o ABSOLUTE
    ../clib/microlib/init/entry.s            0x00000000   Number         0  entry7b.o ABSOLUTE
    ../clib/microlib/init/entry.s            0x00000000   Number         0  entry8a.o ABSOLUTE
    ../clib/microlib/init/entry.s            0x00000000   Number         0  entry8b.o ABSOLUTE
    ../clib/microlib/init/entry.s            0x00000000   Number         0  entry9a.o ABSOLUTE
    ../clib/microlib/init/entry.s            0x00000000   Number         0  entry9b.o ABSOLUTE
    ../clib/microlib/init/entry.s            0x00000000   Number         0  entry10a.o ABSOLUTE
    ../clib/microlib/init/entry.s            0x00000000   Number         0  entry10b.o ABSOLUTE
    ../clib/microlib/init/entry.s            0x00000000   Number         0  entry11a.o ABSOLUTE
    ../clib/microlib/init/entry.s            0x00000000   Number         0  entry11b.o ABSOLUTE
    ../clib/microlib/longlong.c              0x00000000   Number         0  llshl.o ABSOLUTE
    ../clib/microlib/longlong.c              0x00000000   Number         0  llushr.o ABSOLUTE
    ../clib/microlib/longlong.c              0x00000000   Number         0  llsshr.o ABSOLUTE
    ../clib/microlib/printf/printf.c         0x00000000   Number         0  printfb.o ABSOLUTE
    ../clib/microlib/printf/printf.c         0x00000000   Number         0  printf0.o ABSOLUTE
    ../clib/microlib/printf/printf.c         0x00000000   Number         0  printf1.o ABSOLUTE
    ../clib/microlib/printf/printf.c         0x00000000   Number         0  printf2.o ABSOLUTE
    ../clib/microlib/printf/printf.c         0x00000000   Number         0  printf3.o ABSOLUTE
    ../clib/microlib/printf/printf.c         0x00000000   Number         0  printf4.o ABSOLUTE
    ../clib/microlib/printf/printf.c         0x00000000   Number         0  printf5.o ABSOLUTE
    ../clib/microlib/printf/printf.c         0x00000000   Number         0  printf6.o ABSOLUTE
    ../clib/microlib/printf/printf.c         0x00000000   Number         0  printf7.o ABSOLUTE
    ../clib/microlib/printf/printf.c         0x00000000   Number         0  printf8.o ABSOLUTE
    ../clib/microlib/printf/printf.c         0x00000000   Number         0  printfa.o ABSOLUTE
    ../clib/microlib/printf/stubs.s          0x00000000   Number         0  printfstubs.o ABSOLUTE
    ../clib/microlib/stdio/fputc.c           0x00000000   Number         0  fputc.o ABSOLUTE
    ../clib/microlib/stdio/fputc.c           0x00000000   Number         0  fputc_h.o ABSOLUTE
    ../clib/microlib/stdio/fputs.c           0x00000000   Number         0  fputs.o ABSOLUTE
    ../clib/microlib/stdio/fputs.c           0x00000000   Number         0  fputs_e.o ABSOLUTE
    ../clib/microlib/stdio/semi.s            0x00000000   Number         0  semi.o ABSOLUTE
    ../clib/microlib/stdio/streams.c         0x00000000   Number         0  stdout.o ABSOLUTE
    ../clib/microlib/stubs.s                 0x00000000   Number         0  iusefp.o ABSOLUTE
    ../clib/microlib/stubs.s                 0x00000000   Number         0  iusesemip.o ABSOLUTE
    ../fplib/microlib/d2f.c                  0x00000000   Number         0  d2f.o ABSOLUTE
    ../fplib/microlib/f2d.c                  0x00000000   Number         0  f2d.o ABSOLUTE
    ../fplib/microlib/fpadd.c                0x00000000   Number         0  fadd.o ABSOLUTE
    ../fplib/microlib/fpadd.c                0x00000000   Number         0  dadd.o ABSOLUTE
    ../fplib/microlib/fpcmp.c                0x00000000   Number         0  fcmple.o ABSOLUTE
    ../fplib/microlib/fpcmp.c                0x00000000   Number         0  fcmplt.o ABSOLUTE
    ../fplib/microlib/fpcmp.c                0x00000000   Number         0  fcmpge.o ABSOLUTE
    ../fplib/microlib/fpcmp.c                0x00000000   Number         0  fcmpgt.o ABSOLUTE
    ../fplib/microlib/fpdiv.c                0x00000000   Number         0  fdiv.o ABSOLUTE
    ../fplib/microlib/fpdiv.c                0x00000000   Number         0  ddiv.o ABSOLUTE
    ../fplib/microlib/fpepilogue.c           0x00000000   Number         0  fepilogue.o ABSOLUTE
    ../fplib/microlib/fpepilogue.c           0x00000000   Number         0  depilogue.o ABSOLUTE
    ../fplib/microlib/fpfix.c                0x00000000   Number         0  ffixi.o ABSOLUTE
    ../fplib/microlib/fpfix.c                0x00000000   Number         0  dfixul.o ABSOLUTE
    ../fplib/microlib/fpflt.c                0x00000000   Number         0  fflti.o ABSOLUTE
    ../fplib/microlib/fpmul.c                0x00000000   Number         0  fmul.o ABSOLUTE
    ../fplib/microlib/fpmul.c                0x00000000   Number         0  dmul.o ABSOLUTE
    Cal_error_yaw.c                          0x00000000   Number         0  cal_error_yaw.o ABSOLUTE
    PID.c                                    0x00000000   Number         0  pid.o ABSOLUTE
    Sensor.c                                 0x00000000   Number         0  sensor.o ABSOLUTE
    board.c                                  0x00000000   Number         0  board.o ABSOLUTE
    cdrcmple.s                               0x00000000   Number         0  cdrcmple.o ABSOLUTE
    dc.s                                     0x00000000   Number         0  dc.o ABSOLUTE
    dl_adc12.c                               0x00000000   Number         0  dl_adc12.o ABSOLUTE
    dl_aes.c                                 0x00000000   Number         0  dl_aes.o ABSOLUTE
    dl_aesadv.c                              0x00000000   Number         0  dl_aesadv.o ABSOLUTE
    dl_common.c                              0x00000000   Number         0  dl_common.o ABSOLUTE
    dl_crc.c                                 0x00000000   Number         0  dl_crc.o ABSOLUTE
    dl_crcp.c                                0x00000000   Number         0  dl_crcp.o ABSOLUTE
    dl_dac12.c                               0x00000000   Number         0  dl_dac12.o ABSOLUTE
    dl_dma.c                                 0x00000000   Number         0  dl_dma.o ABSOLUTE
    dl_flashctl.c                            0x00000000   Number         0  dl_flashctl.o ABSOLUTE
    dl_i2c.c                                 0x00000000   Number         0  dl_i2c.o ABSOLUTE
    dl_interrupt.c                           0x00000000   Number         0  dl_interrupt.o ABSOLUTE
    dl_keystorectl.c                         0x00000000   Number         0  dl_keystorectl.o ABSOLUTE
    dl_lcd.c                                 0x00000000   Number         0  dl_lcd.o ABSOLUTE
    dl_lfss.c                                0x00000000   Number         0  dl_lfss.o ABSOLUTE
    dl_mathacl.c                             0x00000000   Number         0  dl_mathacl.o ABSOLUTE
    dl_mcan.c                                0x00000000   Number         0  dl_mcan.o ABSOLUTE
    dl_opa.c                                 0x00000000   Number         0  dl_opa.o ABSOLUTE
    dl_rtc_common.c                          0x00000000   Number         0  dl_rtc_common.o ABSOLUTE
    dl_spi.c                                 0x00000000   Number         0  dl_spi.o ABSOLUTE
    dl_timer.c                               0x00000000   Number         0  dl_timer.o ABSOLUTE
    dl_trng.c                                0x00000000   Number         0  dl_trng.o ABSOLUTE
    dl_uart.c                                0x00000000   Number         0  dl_uart.o ABSOLUTE
    dl_vref.c                                0x00000000   Number         0  dl_vref.o ABSOLUTE
    empty.c                                  0x00000000   Number         0  empty.o ABSOLUTE
    encoder.c                                0x00000000   Number         0  encoder.o ABSOLUTE
    handlers.s                               0x00000000   Number         0  handlers.o ABSOLUTE
    init.s                                   0x00000000   Number         0  init.o ABSOLUTE
    motor.c                                  0x00000000   Number         0  motor.o ABSOLUTE
    startup_mspm0g350x_uvision.s             0x00000000   Number         0  startup_mspm0g350x_uvision.o ABSOLUTE
    ti_msp_dl_config.c                       0x00000000   Number         0  ti_msp_dl_config.o ABSOLUTE
    RESET                                    0x00000000   Section      192  startup_mspm0g350x_uvision.o(RESET)
    .ARM.Collect$$$$00000000                 0x000000c0   Section        0  entry.o(.ARM.Collect$$$$00000000)
    .ARM.Collect$$$$00000001                 0x000000c0   Section        4  entry2.o(.ARM.Collect$$$$00000001)
    .ARM.Collect$$$$00000004                 0x000000c4   Section        4  entry5.o(.ARM.Collect$$$$00000004)
    .ARM.Collect$$$$00000008                 0x000000c8   Section        0  entry7b.o(.ARM.Collect$$$$00000008)
    .ARM.Collect$$$$0000000A                 0x000000c8   Section        0  entry8b.o(.ARM.Collect$$$$0000000A)
    .ARM.Collect$$$$0000000B                 0x000000c8   Section        8  entry9a.o(.ARM.Collect$$$$0000000B)
    __lit__00000000                          0x000000d0   Data           4  entry2.o(.ARM.Collect$$$$00002712)
    .ARM.Collect$$$$0000000D                 0x000000d0   Section        0  entry10a.o(.ARM.Collect$$$$0000000D)
    .ARM.Collect$$$$0000000F                 0x000000d0   Section        0  entry11a.o(.ARM.Collect$$$$0000000F)
    .ARM.Collect$$$$00002712                 0x000000d0   Section        4  entry2.o(.ARM.Collect$$$$00002712)
    .text                                    0x000000d4   Section       20  startup_mspm0g350x_uvision.o(.text)
    .text                                    0x000000e8   Section        0  fadd.o(.text)
    .text                                    0x0000019a   Section        0  fmul.o(.text)
    .text                                    0x00000214   Section        0  fdiv.o(.text)
    .text                                    0x00000290   Section        0  ddiv.o(.text)
    .text                                    0x00000380   Section        0  fcmple.o(.text)
    .text                                    0x0000039c   Section        0  fcmplt.o(.text)
    .text                                    0x000003b8   Section        0  fcmpge.o(.text)
    .text                                    0x000003d4   Section        0  fcmpgt.o(.text)
    .text                                    0x000003f0   Section        0  fflti.o(.text)
    .text                                    0x00000406   Section        0  ffixi.o(.text)
    .text                                    0x00000438   Section        0  f2d.o(.text)
    .text                                    0x00000460   Section        0  d2f.o(.text)
    .text                                    0x00000498   Section        0  uidiv_div0.o(.text)
    .text                                    0x000004d6   Section        0  iusefp.o(.text)
    .text                                    0x000004d6   Section        0  fepilogue.o(.text)
    .text                                    0x00000558   Section        0  depilogue.o(.text)
    .text                                    0x00000618   Section       48  init.o(.text)
    .text                                    0x00000648   Section        0  llshl.o(.text)
    .text                                    0x00000668   Section        0  llushr.o(.text)
    [Anonymous Symbol]                       0x0000068a   Section        0  dl_common.o(.text.DL_Common_delayCycles)
    [Anonymous Symbol]                       0x00000694   Section        0  dl_i2c.o(.text.DL_I2C_setClockConfig)
    [Anonymous Symbol]                       0x000006bc   Section        0  dl_timer.o(.text.DL_TimerA_initPWMMode)
    __arm_cp.31_3                            0x000007b8   Number         4  dl_timer.o(.text.DL_TimerA_initPWMMode)
    __arm_cp.31_4                            0x000007bc   Number         4  dl_timer.o(.text.DL_TimerA_initPWMMode)
    __arm_cp.31_6                            0x000007c0   Number         4  dl_timer.o(.text.DL_TimerA_initPWMMode)
    __arm_cp.31_7                            0x000007c4   Number         4  dl_timer.o(.text.DL_TimerA_initPWMMode)
    __arm_cp.31_8                            0x000007c8   Number         4  dl_timer.o(.text.DL_TimerA_initPWMMode)
    [Anonymous Symbol]                       0x000007cc   Section        0  dl_timer.o(.text.DL_Timer_initTimerMode)
    __arm_cp.2_0                             0x000008ac   Number         4  dl_timer.o(.text.DL_Timer_initTimerMode)
    __arm_cp.2_2                             0x000008b0   Number         4  dl_timer.o(.text.DL_Timer_initTimerMode)
    __arm_cp.2_3                             0x000008b4   Number         4  dl_timer.o(.text.DL_Timer_initTimerMode)
    [Anonymous Symbol]                       0x000008b8   Section        0  dl_timer.o(.text.DL_Timer_setCaptCompUpdateMethod)
    __arm_cp.18_0                            0x000008d0   Number         4  dl_timer.o(.text.DL_Timer_setCaptCompUpdateMethod)
    [Anonymous Symbol]                       0x000008d4   Section        0  dl_timer.o(.text.DL_Timer_setCaptureCompareOutCtl)
    __arm_cp.13_0                            0x000008e8   Number         4  dl_timer.o(.text.DL_Timer_setCaptureCompareOutCtl)
    [Anonymous Symbol]                       0x000008ec   Section        0  dl_timer.o(.text.DL_Timer_setCaptureCompareValue)
    __arm_cp.3_0                             0x000008f8   Number         4  dl_timer.o(.text.DL_Timer_setCaptureCompareValue)
    [Anonymous Symbol]                       0x000008fc   Section        0  dl_timer.o(.text.DL_Timer_setClockConfig)
    __arm_cp.0_0                             0x00000914   Number         4  dl_timer.o(.text.DL_Timer_setClockConfig)
    [Anonymous Symbol]                       0x00000918   Section        0  dl_uart.o(.text.DL_UART_init)
    __arm_cp.0_0                             0x00000958   Number         4  dl_uart.o(.text.DL_UART_init)
    __arm_cp.0_1                             0x0000095c   Number         4  dl_uart.o(.text.DL_UART_init)
    [Anonymous Symbol]                       0x00000960   Section        0  dl_uart.o(.text.DL_UART_receiveDataBlocking)
    __arm_cp.6_0                             0x00000984   Number         4  dl_uart.o(.text.DL_UART_receiveDataBlocking)
    [Anonymous Symbol]                       0x00000988   Section        0  dl_uart.o(.text.DL_UART_setClockConfig)
    [Anonymous Symbol]                       0x0000099c   Section        0  encoder.o(.text.GROUP1_IRQHandler)
    __arm_cp.0_0                             0x00000a1c   Number         4  encoder.o(.text.GROUP1_IRQHandler)
    __arm_cp.0_1                             0x00000a20   Number         4  encoder.o(.text.GROUP1_IRQHandler)
    __arm_cp.0_2                             0x00000a24   Number         4  encoder.o(.text.GROUP1_IRQHandler)
    __arm_cp.0_3                             0x00000a28   Number         4  encoder.o(.text.GROUP1_IRQHandler)
    __arm_cp.0_4                             0x00000a2c   Number         4  encoder.o(.text.GROUP1_IRQHandler)
    [Anonymous Symbol]                       0x00000a30   Section        0  pid.o(.text.PID_init)
    [Anonymous Symbol]                       0x00000a50   Section        0  pid.o(.text.PID_realize)
    [Anonymous Symbol]                       0x00000ac4   Section        0  ti_msp_dl_config.o(.text.SYSCFG_DL_GPIO_init)
    __arm_cp.2_0                             0x00000b80   Number         4  ti_msp_dl_config.o(.text.SYSCFG_DL_GPIO_init)
    __arm_cp.2_1                             0x00000b84   Number         4  ti_msp_dl_config.o(.text.SYSCFG_DL_GPIO_init)
    __arm_cp.2_2                             0x00000b88   Number         4  ti_msp_dl_config.o(.text.SYSCFG_DL_GPIO_init)
    __arm_cp.2_3                             0x00000b8c   Number         4  ti_msp_dl_config.o(.text.SYSCFG_DL_GPIO_init)
    __arm_cp.2_4                             0x00000b90   Number         4  ti_msp_dl_config.o(.text.SYSCFG_DL_GPIO_init)
    __arm_cp.2_5                             0x00000b94   Number         4  ti_msp_dl_config.o(.text.SYSCFG_DL_GPIO_init)
    __arm_cp.2_6                             0x00000b98   Number         4  ti_msp_dl_config.o(.text.SYSCFG_DL_GPIO_init)
    __arm_cp.2_7                             0x00000b9c   Number         4  ti_msp_dl_config.o(.text.SYSCFG_DL_GPIO_init)
    __arm_cp.2_8                             0x00000ba0   Number         4  ti_msp_dl_config.o(.text.SYSCFG_DL_GPIO_init)
    __arm_cp.2_9                             0x00000ba4   Number         4  ti_msp_dl_config.o(.text.SYSCFG_DL_GPIO_init)
    __arm_cp.2_10                            0x00000ba8   Number         4  ti_msp_dl_config.o(.text.SYSCFG_DL_GPIO_init)
    __arm_cp.2_11                            0x00000bac   Number         4  ti_msp_dl_config.o(.text.SYSCFG_DL_GPIO_init)
    __arm_cp.2_12                            0x00000bb0   Number         4  ti_msp_dl_config.o(.text.SYSCFG_DL_GPIO_init)
    __arm_cp.2_13                            0x00000bb4   Number         4  ti_msp_dl_config.o(.text.SYSCFG_DL_GPIO_init)
    [Anonymous Symbol]                       0x00000bb8   Section        0  ti_msp_dl_config.o(.text.SYSCFG_DL_I2C_MPU6050_init)
    __arm_cp.6_0                             0x00000c08   Number         4  ti_msp_dl_config.o(.text.SYSCFG_DL_I2C_MPU6050_init)
    __arm_cp.6_1                             0x00000c0c   Number         4  ti_msp_dl_config.o(.text.SYSCFG_DL_I2C_MPU6050_init)
    __arm_cp.6_2                             0x00000c10   Number         4  ti_msp_dl_config.o(.text.SYSCFG_DL_I2C_MPU6050_init)
    __arm_cp.6_3                             0x00000c14   Number         4  ti_msp_dl_config.o(.text.SYSCFG_DL_I2C_MPU6050_init)
    __arm_cp.6_4                             0x00000c18   Number         4  ti_msp_dl_config.o(.text.SYSCFG_DL_I2C_MPU6050_init)
    [Anonymous Symbol]                       0x00000c1c   Section        0  ti_msp_dl_config.o(.text.SYSCFG_DL_I2C_OLED_init)
    __arm_cp.7_0                             0x00000c64   Number         4  ti_msp_dl_config.o(.text.SYSCFG_DL_I2C_OLED_init)
    __arm_cp.7_1                             0x00000c68   Number         4  ti_msp_dl_config.o(.text.SYSCFG_DL_I2C_OLED_init)
    __arm_cp.7_2                             0x00000c6c   Number         4  ti_msp_dl_config.o(.text.SYSCFG_DL_I2C_OLED_init)
    [Anonymous Symbol]                       0x00000c70   Section        0  ti_msp_dl_config.o(.text.SYSCFG_DL_PWM_0_init)
    __arm_cp.4_1                             0x00000ce4   Number         4  ti_msp_dl_config.o(.text.SYSCFG_DL_PWM_0_init)
    __arm_cp.4_2                             0x00000ce8   Number         4  ti_msp_dl_config.o(.text.SYSCFG_DL_PWM_0_init)
    __arm_cp.4_3                             0x00000cec   Number         4  ti_msp_dl_config.o(.text.SYSCFG_DL_PWM_0_init)
    __arm_cp.4_4                             0x00000cf0   Number         4  ti_msp_dl_config.o(.text.SYSCFG_DL_PWM_0_init)
    __arm_cp.4_5                             0x00000cf4   Number         4  ti_msp_dl_config.o(.text.SYSCFG_DL_PWM_0_init)
    [Anonymous Symbol]                       0x00000cf8   Section        0  ti_msp_dl_config.o(.text.SYSCFG_DL_SYSCTL_init)
    __arm_cp.3_0                             0x00000d38   Number         4  ti_msp_dl_config.o(.text.SYSCFG_DL_SYSCTL_init)
    __arm_cp.3_1                             0x00000d3c   Number         4  ti_msp_dl_config.o(.text.SYSCFG_DL_SYSCTL_init)
    __arm_cp.3_2                             0x00000d40   Number         4  ti_msp_dl_config.o(.text.SYSCFG_DL_SYSCTL_init)
    [Anonymous Symbol]                       0x00000d44   Section        0  ti_msp_dl_config.o(.text.SYSCFG_DL_SYSTICK_init)
    __arm_cp.9_0                             0x00000d5c   Number         4  ti_msp_dl_config.o(.text.SYSCFG_DL_SYSTICK_init)
    [Anonymous Symbol]                       0x00000d60   Section        0  ti_msp_dl_config.o(.text.SYSCFG_DL_TIMER_0_init)
    __arm_cp.5_0                             0x00000d84   Number         4  ti_msp_dl_config.o(.text.SYSCFG_DL_TIMER_0_init)
    __arm_cp.5_1                             0x00000d88   Number         4  ti_msp_dl_config.o(.text.SYSCFG_DL_TIMER_0_init)
    __arm_cp.5_2                             0x00000d8c   Number         4  ti_msp_dl_config.o(.text.SYSCFG_DL_TIMER_0_init)
    __arm_cp.5_3                             0x00000d90   Number         4  ti_msp_dl_config.o(.text.SYSCFG_DL_TIMER_0_init)
    __arm_cp.5_4                             0x00000d94   Number         4  ti_msp_dl_config.o(.text.SYSCFG_DL_TIMER_0_init)
    [Anonymous Symbol]                       0x00000d98   Section        0  ti_msp_dl_config.o(.text.SYSCFG_DL_UART_DM_IMU_init)
    __arm_cp.8_1                             0x00000df0   Number         4  ti_msp_dl_config.o(.text.SYSCFG_DL_UART_DM_IMU_init)
    __arm_cp.8_2                             0x00000df4   Number         4  ti_msp_dl_config.o(.text.SYSCFG_DL_UART_DM_IMU_init)
    __arm_cp.8_3                             0x00000df8   Number         4  ti_msp_dl_config.o(.text.SYSCFG_DL_UART_DM_IMU_init)
    __arm_cp.8_4                             0x00000dfc   Number         4  ti_msp_dl_config.o(.text.SYSCFG_DL_UART_DM_IMU_init)
    __arm_cp.8_5                             0x00000e00   Number         4  ti_msp_dl_config.o(.text.SYSCFG_DL_UART_DM_IMU_init)
    [Anonymous Symbol]                       0x00000e04   Section        0  ti_msp_dl_config.o(.text.SYSCFG_DL_init)
    __arm_cp.0_0                             0x00000e38   Number         4  ti_msp_dl_config.o(.text.SYSCFG_DL_init)
    __arm_cp.0_1                             0x00000e3c   Number         4  ti_msp_dl_config.o(.text.SYSCFG_DL_init)
    [Anonymous Symbol]                       0x00000e40   Section        0  ti_msp_dl_config.o(.text.SYSCFG_DL_initPower)
    __arm_cp.1_0                             0x00000e7c   Number         4  ti_msp_dl_config.o(.text.SYSCFG_DL_initPower)
    __arm_cp.1_1                             0x00000e80   Number         4  ti_msp_dl_config.o(.text.SYSCFG_DL_initPower)
    __arm_cp.1_2                             0x00000e84   Number         4  ti_msp_dl_config.o(.text.SYSCFG_DL_initPower)
    __arm_cp.1_3                             0x00000e88   Number         4  ti_msp_dl_config.o(.text.SYSCFG_DL_initPower)
    __arm_cp.1_4                             0x00000e8c   Number         4  ti_msp_dl_config.o(.text.SYSCFG_DL_initPower)
    __arm_cp.1_5                             0x00000e90   Number         4  ti_msp_dl_config.o(.text.SYSCFG_DL_initPower)
    __arm_cp.1_6                             0x00000e94   Number         4  ti_msp_dl_config.o(.text.SYSCFG_DL_initPower)
    __arm_cp.1_7                             0x00000e98   Number         4  ti_msp_dl_config.o(.text.SYSCFG_DL_initPower)
    __arm_cp.1_8                             0x00000e9c   Number         4  ti_msp_dl_config.o(.text.SYSCFG_DL_initPower)
    [Anonymous Symbol]                       0x00000ea0   Section        0  motor.o(.text.Set_PWM)
    __arm_cp.2_0                             0x00000ec4   Number         4  motor.o(.text.Set_PWM)
    [Anonymous Symbol]                       0x00000ec8   Section        0  empty.o(.text.TIMA0_IRQHandler)
    __arm_cp.1_0                             0x00000fa0   Number         4  empty.o(.text.TIMA0_IRQHandler)
    __arm_cp.1_1                             0x00000fa4   Number         4  empty.o(.text.TIMA0_IRQHandler)
    __arm_cp.1_2                             0x00000fa8   Number         4  empty.o(.text.TIMA0_IRQHandler)
    __arm_cp.1_3                             0x00000fac   Number         4  empty.o(.text.TIMA0_IRQHandler)
    __arm_cp.1_4                             0x00000fb0   Number         4  empty.o(.text.TIMA0_IRQHandler)
    __arm_cp.1_6                             0x00000fb8   Number         4  empty.o(.text.TIMA0_IRQHandler)
    __arm_cp.1_7                             0x00000fbc   Number         4  empty.o(.text.TIMA0_IRQHandler)
    [Anonymous Symbol]                       0x00000fc0   Section        0  board.o(.text.UART0_IRQHandler)
    __arm_cp.7_0                             0x00001010   Number         4  board.o(.text.UART0_IRQHandler)
    __arm_cp.7_1                             0x00001014   Number         4  board.o(.text.UART0_IRQHandler)
    [Anonymous Symbol]                       0x00001018   Section        0  cal_error_yaw.o(.text.Yaw_error)
    __arm_cp.1_0                             0x00001110   Number         4  cal_error_yaw.o(.text.Yaw_error)
    __arm_cp.1_1                             0x00001114   Number         4  cal_error_yaw.o(.text.Yaw_error)
    __arm_cp.1_2                             0x00001118   Number         4  cal_error_yaw.o(.text.Yaw_error)
    __arm_cp.1_3                             0x0000111c   Number         4  cal_error_yaw.o(.text.Yaw_error)
    [Anonymous Symbol]                       0x00001120   Section        0  board.o(.text.delay_ms)
    __arm_cp.2_0                             0x00001168   Number         4  board.o(.text.delay_ms)
    [Anonymous Symbol]                       0x0000116c   Section        0  empty.o(.text.main)
    __arm_cp.0_29                            0x000013e8   Number         4  empty.o(.text.main)
    __arm_cp.0_30                            0x000013ec   Number         4  empty.o(.text.main)
    __arm_cp.0_31                            0x000013f0   Number         4  empty.o(.text.main)
    __arm_cp.0_32                            0x000013f4   Number         4  empty.o(.text.main)
    __arm_cp.0_33                            0x000013f8   Number         4  empty.o(.text.main)
    __arm_cp.0_34                            0x000013fc   Number         4  empty.o(.text.main)
    __arm_cp.0_35                            0x00001400   Number         4  empty.o(.text.main)
    __arm_cp.0_36                            0x00001404   Number         4  empty.o(.text.main)
    __arm_cp.0_38                            0x0000140c   Number         4  empty.o(.text.main)
    __arm_cp.0_46                            0x0000142c   Number         4  empty.o(.text.main)
    __arm_cp.0_8                             0x00001794   Number         4  empty.o(.text.main)
    __arm_cp.0_11                            0x00001798   Number         4  empty.o(.text.main)
    __arm_cp.0_13                            0x0000179c   Number         4  empty.o(.text.main)
    __arm_cp.0_14                            0x000017a0   Number         4  empty.o(.text.main)
    __arm_cp.0_15                            0x000017a4   Number         4  empty.o(.text.main)
    __arm_cp.0_16                            0x000017a8   Number         4  empty.o(.text.main)
    __arm_cp.0_18                            0x000017ac   Number         4  empty.o(.text.main)
    __arm_cp.0_19                            0x000017b0   Number         4  empty.o(.text.main)
    __arm_cp.0_20                            0x000017b4   Number         4  empty.o(.text.main)
    __arm_cp.0_21                            0x000017b8   Number         4  empty.o(.text.main)
    __arm_cp.0_22                            0x000017bc   Number         4  empty.o(.text.main)
    __arm_cp.0_23                            0x000017c0   Number         4  empty.o(.text.main)
    __arm_cp.0_24                            0x000017c4   Number         4  empty.o(.text.main)
    __arm_cp.0_25                            0x000017c8   Number         4  empty.o(.text.main)
    __arm_cp.0_26                            0x000017cc   Number         4  empty.o(.text.main)
    __arm_cp.0_27                            0x000017d0   Number         4  empty.o(.text.main)
    [Anonymous Symbol]                       0x000017d4   Section        0  sensor.o(.text.sensor_read)
    __arm_cp.0_0                             0x00001818   Number         4  sensor.o(.text.sensor_read)
    [Anonymous Symbol]                       0x0000181c   Section        0  sensor.o(.text.track_error)
    __arm_cp.1_0                             0x000019d4   Number         4  sensor.o(.text.track_error)
    __arm_cp.1_1                             0x000019d8   Number         4  sensor.o(.text.track_error)
    __arm_cp.1_2                             0x000019dc   Number         4  sensor.o(.text.track_error)
    i.__0sprintf$1                           0x000019e0   Section        0  printf1.o(i.__0sprintf$1)
    i.__ARM_clz                              0x00001a08   Section        0  depilogue.o(i.__ARM_clz)
    i.__scatterload_copy                     0x00001a38   Section       14  handlers.o(i.__scatterload_copy)
    i.__scatterload_null                     0x00001a48   Section        2  handlers.o(i.__scatterload_null)
    i.__scatterload_zeroinit                 0x00001a50   Section       14  handlers.o(i.__scatterload_zeroinit)
    _printf_core                             0x00001a61   Thumb Code   332  printf1.o(i._printf_core)
    i._printf_core                           0x00001a60   Section        0  printf1.o(i._printf_core)
    _sputc                                   0x00001bb1   Thumb Code    10  printf1.o(i._sputc)
    i._sputc                                 0x00001bb0   Section        0  printf1.o(i._sputc)
    gI2C_MPU6050ClockConfig                  0x00001bba   Data           2  ti_msp_dl_config.o(.rodata.gI2C_MPU6050ClockConfig)
    [Anonymous Symbol]                       0x00001bba   Section        0  ti_msp_dl_config.o(.rodata.gI2C_MPU6050ClockConfig)
    gI2C_OLEDClockConfig                     0x00001bbc   Data           2  ti_msp_dl_config.o(.rodata.gI2C_OLEDClockConfig)
    [Anonymous Symbol]                       0x00001bbc   Section        0  ti_msp_dl_config.o(.rodata.gI2C_OLEDClockConfig)
    gPWM_0ClockConfig                        0x00001bbe   Data           3  ti_msp_dl_config.o(.rodata.gPWM_0ClockConfig)
    [Anonymous Symbol]                       0x00001bbe   Section        0  ti_msp_dl_config.o(.rodata.gPWM_0ClockConfig)
    gPWM_0Config                             0x00001bc4   Data           8  ti_msp_dl_config.o(.rodata.gPWM_0Config)
    [Anonymous Symbol]                       0x00001bc4   Section        0  ti_msp_dl_config.o(.rodata.gPWM_0Config)
    gTIMER_0ClockConfig                      0x00001bcc   Data           3  ti_msp_dl_config.o(.rodata.gTIMER_0ClockConfig)
    [Anonymous Symbol]                       0x00001bcc   Section        0  ti_msp_dl_config.o(.rodata.gTIMER_0ClockConfig)
    gTIMER_0TimerConfig                      0x00001bd0   Data          20  ti_msp_dl_config.o(.rodata.gTIMER_0TimerConfig)
    [Anonymous Symbol]                       0x00001bd0   Section        0  ti_msp_dl_config.o(.rodata.gTIMER_0TimerConfig)
    gUART_DM_IMUClockConfig                  0x00001be4   Data           2  ti_msp_dl_config.o(.rodata.gUART_DM_IMUClockConfig)
    [Anonymous Symbol]                       0x00001be4   Section        0  ti_msp_dl_config.o(.rodata.gUART_DM_IMUClockConfig)
    gUART_DM_IMUConfig                       0x00001be6   Data          10  ti_msp_dl_config.o(.rodata.gUART_DM_IMUConfig)
    [Anonymous Symbol]                       0x00001be6   Section        0  ti_msp_dl_config.o(.rodata.gUART_DM_IMUConfig)
    [Anonymous Symbol]                       0x20200000   Section        0  empty.o(.data..L_MergedGlobals)
    [Anonymous Symbol]                       0x20200040   Section        0  board.o(.bss..L_MergedGlobals)
    [Anonymous Symbol]                       0x2020005c   Section        0  sensor.o(.bss..L_MergedGlobals)
    [Anonymous Symbol]                       0x20200068   Section        0  empty.o(.bss..L_MergedGlobals.3)
    Yaw_error.error                          0x202000e0   Data           4  cal_error_yaw.o(.bss.Yaw_error.error)
    [Anonymous Symbol]                       0x202000e0   Section        0  cal_error_yaw.o(.bss.Yaw_error.error)
    STACK                                    0x20200260   Section      256  startup_mspm0g350x_uvision.o(STACK)

    Global Symbols

    Symbol Name                              Value     Ov Type        Size  Object(Section)

    BuildAttributes$$THM_ISAv3M$S$PE$A:L22$X:L11$S22$IEEE1$IW$~IW$USESV6$~STKCKD$USESV7$~SHL$OTIME$ROPI$EBA8$MICROLIB$REQ8$PRES8$EABIv2 0x00000000   Number         0  anon$$obj.o ABSOLUTE
    __Vectors                                0x00000000   Data           4  startup_mspm0g350x_uvision.o(RESET)
    _printf_a                                0x00000000   Number         0  printfstubs.o ABSOLUTE
    _printf_c                                0x00000000   Number         0  printfstubs.o ABSOLUTE
    _printf_charcount                        0x00000000   Number         0  printfstubs.o ABSOLUTE
    _printf_d                                0x00000000   Number         0  printfstubs.o ABSOLUTE
    _printf_e                                0x00000000   Number         0  printfstubs.o ABSOLUTE
    _printf_f                                0x00000000   Number         0  printfstubs.o ABSOLUTE
    _printf_flags                            0x00000000   Number         0  printfstubs.o ABSOLUTE
    _printf_fp_dec                           0x00000000   Number         0  printfstubs.o ABSOLUTE
    _printf_fp_hex                           0x00000000   Number         0  printfstubs.o ABSOLUTE
    _printf_g                                0x00000000   Number         0  printfstubs.o ABSOLUTE
    _printf_i                                0x00000000   Number         0  printfstubs.o ABSOLUTE
    _printf_int_dec                          0x00000000   Number         0  printfstubs.o ABSOLUTE
    _printf_l                                0x00000000   Number         0  printfstubs.o ABSOLUTE
    _printf_lc                               0x00000000   Number         0  printfstubs.o ABSOLUTE
    _printf_ll                               0x00000000   Number         0  printfstubs.o ABSOLUTE
    _printf_lld                              0x00000000   Number         0  printfstubs.o ABSOLUTE
    _printf_lli                              0x00000000   Number         0  printfstubs.o ABSOLUTE
    _printf_llo                              0x00000000   Number         0  printfstubs.o ABSOLUTE
    _printf_llu                              0x00000000   Number         0  printfstubs.o ABSOLUTE
    _printf_llx                              0x00000000   Number         0  printfstubs.o ABSOLUTE
    _printf_longlong_dec                     0x00000000   Number         0  printfstubs.o ABSOLUTE
    _printf_longlong_hex                     0x00000000   Number         0  printfstubs.o ABSOLUTE
    _printf_longlong_oct                     0x00000000   Number         0  printfstubs.o ABSOLUTE
    _printf_ls                               0x00000000   Number         0  printfstubs.o ABSOLUTE
    _printf_mbtowc                           0x00000000   Number         0  printfstubs.o ABSOLUTE
    _printf_n                                0x00000000   Number         0  printfstubs.o ABSOLUTE
    _printf_o                                0x00000000   Number         0  printfstubs.o ABSOLUTE
    _printf_p                                0x00000000   Number         0  printfstubs.o ABSOLUTE
    _printf_percent                          0x00000000   Number         0  printfstubs.o ABSOLUTE
    _printf_pre_padding                      0x00000000   Number         0  printfstubs.o ABSOLUTE
    _printf_return_value                     0x00000000   Number         0  printfstubs.o ABSOLUTE
    _printf_s                                0x00000000   Number         0  printfstubs.o ABSOLUTE
    _printf_sizespec                         0x00000000   Number         0  printfstubs.o ABSOLUTE
    _printf_str                              0x00000000   Number         0  printfstubs.o ABSOLUTE
    _printf_truncate_signed                  0x00000000   Number         0  printfstubs.o ABSOLUTE
    _printf_truncate_unsigned                0x00000000   Number         0  printfstubs.o ABSOLUTE
    _printf_u                                0x00000000   Number         0  printfstubs.o ABSOLUTE
    _printf_wc                               0x00000000   Number         0  printfstubs.o ABSOLUTE
    _printf_wctomb                           0x00000000   Number         0  printfstubs.o ABSOLUTE
    _printf_widthprec                        0x00000000   Number         0  printfstubs.o ABSOLUTE
    _printf_x                                0x00000000   Number         0  printfstubs.o ABSOLUTE
    __cpp_initialize__aeabi_                  - Undefined Weak Reference
    __cxa_finalize                            - Undefined Weak Reference
    __decompress                              - Undefined Weak Reference
    _clock_init                               - Undefined Weak Reference
    _microlib_exit                            - Undefined Weak Reference
    __Vectors_End                            0x000000c0   Data           0  startup_mspm0g350x_uvision.o(RESET)
    __Vectors_Size                           0x000000c0   Number         0  startup_mspm0g350x_uvision.o ABSOLUTE
    __main                                   0x000000c1   Thumb Code     0  entry.o(.ARM.Collect$$$$00000000)
    _main_stk                                0x000000c1   Thumb Code     0  entry2.o(.ARM.Collect$$$$00000001)
    _main_scatterload                        0x000000c5   Thumb Code     0  entry5.o(.ARM.Collect$$$$00000004)
    __main_after_scatterload                 0x000000c9   Thumb Code     0  entry5.o(.ARM.Collect$$$$00000004)
    _main_clock                              0x000000c9   Thumb Code     0  entry7b.o(.ARM.Collect$$$$00000008)
    _main_cpp_init                           0x000000c9   Thumb Code     0  entry8b.o(.ARM.Collect$$$$0000000A)
    _main_init                               0x000000c9   Thumb Code     0  entry9a.o(.ARM.Collect$$$$0000000B)
    __rt_final_cpp                           0x000000d1   Thumb Code     0  entry10a.o(.ARM.Collect$$$$0000000D)
    __rt_final_exit                          0x000000d1   Thumb Code     0  entry11a.o(.ARM.Collect$$$$0000000F)
    Reset_Handler                            0x000000d5   Thumb Code     4  startup_mspm0g350x_uvision.o(.text)
    NMI_Handler                              0x000000d9   Thumb Code     2  startup_mspm0g350x_uvision.o(.text)
    HardFault_Handler                        0x000000db   Thumb Code     2  startup_mspm0g350x_uvision.o(.text)
    SVC_Handler                              0x000000dd   Thumb Code     2  startup_mspm0g350x_uvision.o(.text)
    PendSV_Handler                           0x000000df   Thumb Code     2  startup_mspm0g350x_uvision.o(.text)
    SysTick_Handler                          0x000000e1   Thumb Code     2  startup_mspm0g350x_uvision.o(.text)
    ADC0_IRQHandler                          0x000000e3   Thumb Code     0  startup_mspm0g350x_uvision.o(.text)
    ADC1_IRQHandler                          0x000000e3   Thumb Code     0  startup_mspm0g350x_uvision.o(.text)
    AES_IRQHandler                           0x000000e3   Thumb Code     0  startup_mspm0g350x_uvision.o(.text)
    CANFD0_IRQHandler                        0x000000e3   Thumb Code     0  startup_mspm0g350x_uvision.o(.text)
    DAC0_IRQHandler                          0x000000e3   Thumb Code     0  startup_mspm0g350x_uvision.o(.text)
    DMA_IRQHandler                           0x000000e3   Thumb Code     0  startup_mspm0g350x_uvision.o(.text)
    Default_Handler                          0x000000e3   Thumb Code     2  startup_mspm0g350x_uvision.o(.text)
    GROUP0_IRQHandler                        0x000000e3   Thumb Code     0  startup_mspm0g350x_uvision.o(.text)
    I2C0_IRQHandler                          0x000000e3   Thumb Code     0  startup_mspm0g350x_uvision.o(.text)
    I2C1_IRQHandler                          0x000000e3   Thumb Code     0  startup_mspm0g350x_uvision.o(.text)
    RTC_IRQHandler                           0x000000e3   Thumb Code     0  startup_mspm0g350x_uvision.o(.text)
    SPI0_IRQHandler                          0x000000e3   Thumb Code     0  startup_mspm0g350x_uvision.o(.text)
    SPI1_IRQHandler                          0x000000e3   Thumb Code     0  startup_mspm0g350x_uvision.o(.text)
    TIMA1_IRQHandler                         0x000000e3   Thumb Code     0  startup_mspm0g350x_uvision.o(.text)
    TIMG0_IRQHandler                         0x000000e3   Thumb Code     0  startup_mspm0g350x_uvision.o(.text)
    TIMG12_IRQHandler                        0x000000e3   Thumb Code     0  startup_mspm0g350x_uvision.o(.text)
    TIMG6_IRQHandler                         0x000000e3   Thumb Code     0  startup_mspm0g350x_uvision.o(.text)
    TIMG7_IRQHandler                         0x000000e3   Thumb Code     0  startup_mspm0g350x_uvision.o(.text)
    TIMG8_IRQHandler                         0x000000e3   Thumb Code     0  startup_mspm0g350x_uvision.o(.text)
    UART1_IRQHandler                         0x000000e3   Thumb Code     0  startup_mspm0g350x_uvision.o(.text)
    UART2_IRQHandler                         0x000000e3   Thumb Code     0  startup_mspm0g350x_uvision.o(.text)
    UART3_IRQHandler                         0x000000e3   Thumb Code     0  startup_mspm0g350x_uvision.o(.text)
    __aeabi_fadd                             0x000000e9   Thumb Code   162  fadd.o(.text)
    __aeabi_fsub                             0x0000018b   Thumb Code     8  fadd.o(.text)
    __aeabi_frsub                            0x00000193   Thumb Code     8  fadd.o(.text)
    __aeabi_fmul                             0x0000019b   Thumb Code   122  fmul.o(.text)
    __aeabi_fdiv                             0x00000215   Thumb Code   124  fdiv.o(.text)
    __aeabi_ddiv                             0x00000291   Thumb Code   234  ddiv.o(.text)
    __aeabi_fcmple                           0x00000381   Thumb Code    28  fcmple.o(.text)
    __aeabi_fcmplt                           0x0000039d   Thumb Code    28  fcmplt.o(.text)
    __aeabi_fcmpge                           0x000003b9   Thumb Code    28  fcmpge.o(.text)
    __aeabi_fcmpgt                           0x000003d5   Thumb Code    28  fcmpgt.o(.text)
    __aeabi_i2f                              0x000003f1   Thumb Code    22  fflti.o(.text)
    __aeabi_f2iz                             0x00000407   Thumb Code    50  ffixi.o(.text)
    __aeabi_f2d                              0x00000439   Thumb Code    40  f2d.o(.text)
    __aeabi_d2f                              0x00000461   Thumb Code    56  d2f.o(.text)
    __aeabi_uidiv                            0x00000499   Thumb Code     0  uidiv_div0.o(.text)
    __aeabi_uidivmod                         0x00000499   Thumb Code    62  uidiv_div0.o(.text)
    __I$use$fp                               0x000004d7   Thumb Code     0  iusefp.o(.text)
    _float_round                             0x000004d7   Thumb Code    16  fepilogue.o(.text)
    _float_epilogue                          0x000004e7   Thumb Code   114  fepilogue.o(.text)
    _double_round                            0x00000559   Thumb Code    26  depilogue.o(.text)
    _double_epilogue                         0x00000573   Thumb Code   164  depilogue.o(.text)
    __scatterload                            0x00000619   Thumb Code    38  init.o(.text)
    __scatterload_rt2                        0x00000619   Thumb Code     0  init.o(.text)
    __aeabi_llsl                             0x00000649   Thumb Code    32  llshl.o(.text)
    _ll_shift_l                              0x00000649   Thumb Code     0  llshl.o(.text)
    __aeabi_llsr                             0x00000669   Thumb Code    34  llushr.o(.text)
    _ll_ushift_r                             0x00000669   Thumb Code     0  llushr.o(.text)
    DL_Common_delayCycles                    0x0000068b   Thumb Code    10  dl_common.o(.text.DL_Common_delayCycles)
    DL_I2C_setClockConfig                    0x00000695   Thumb Code    38  dl_i2c.o(.text.DL_I2C_setClockConfig)
    DL_TimerA_initPWMMode                    0x000006bd   Thumb Code   252  dl_timer.o(.text.DL_TimerA_initPWMMode)
    DL_Timer_initTimerMode                   0x000007cd   Thumb Code   224  dl_timer.o(.text.DL_Timer_initTimerMode)
    DL_Timer_setCaptCompUpdateMethod         0x000008b9   Thumb Code    24  dl_timer.o(.text.DL_Timer_setCaptCompUpdateMethod)
    DL_Timer_setCaptureCompareOutCtl         0x000008d5   Thumb Code    20  dl_timer.o(.text.DL_Timer_setCaptureCompareOutCtl)
    DL_Timer_setCaptureCompareValue          0x000008ed   Thumb Code    12  dl_timer.o(.text.DL_Timer_setCaptureCompareValue)
    DL_Timer_setClockConfig                  0x000008fd   Thumb Code    24  dl_timer.o(.text.DL_Timer_setClockConfig)
    DL_UART_init                             0x00000919   Thumb Code    64  dl_uart.o(.text.DL_UART_init)
    DL_UART_receiveDataBlocking              0x00000961   Thumb Code    36  dl_uart.o(.text.DL_UART_receiveDataBlocking)
    DL_UART_setClockConfig                   0x00000989   Thumb Code    18  dl_uart.o(.text.DL_UART_setClockConfig)
    GROUP1_IRQHandler                        0x0000099d   Thumb Code   128  encoder.o(.text.GROUP1_IRQHandler)
    PID_init                                 0x00000a31   Thumb Code    32  pid.o(.text.PID_init)
    PID_realize                              0x00000a51   Thumb Code   114  pid.o(.text.PID_realize)
    SYSCFG_DL_GPIO_init                      0x00000ac5   Thumb Code   188  ti_msp_dl_config.o(.text.SYSCFG_DL_GPIO_init)
    SYSCFG_DL_I2C_MPU6050_init               0x00000bb9   Thumb Code    80  ti_msp_dl_config.o(.text.SYSCFG_DL_I2C_MPU6050_init)
    SYSCFG_DL_I2C_OLED_init                  0x00000c1d   Thumb Code    72  ti_msp_dl_config.o(.text.SYSCFG_DL_I2C_OLED_init)
    SYSCFG_DL_PWM_0_init                     0x00000c71   Thumb Code   116  ti_msp_dl_config.o(.text.SYSCFG_DL_PWM_0_init)
    SYSCFG_DL_SYSCTL_init                    0x00000cf9   Thumb Code    64  ti_msp_dl_config.o(.text.SYSCFG_DL_SYSCTL_init)
    SYSCFG_DL_SYSTICK_init                   0x00000d45   Thumb Code    24  ti_msp_dl_config.o(.text.SYSCFG_DL_SYSTICK_init)
    SYSCFG_DL_TIMER_0_init                   0x00000d61   Thumb Code    36  ti_msp_dl_config.o(.text.SYSCFG_DL_TIMER_0_init)
    SYSCFG_DL_UART_DM_IMU_init               0x00000d99   Thumb Code    88  ti_msp_dl_config.o(.text.SYSCFG_DL_UART_DM_IMU_init)
    SYSCFG_DL_init                           0x00000e05   Thumb Code    52  ti_msp_dl_config.o(.text.SYSCFG_DL_init)
    SYSCFG_DL_initPower                      0x00000e41   Thumb Code    60  ti_msp_dl_config.o(.text.SYSCFG_DL_initPower)
    Set_PWM                                  0x00000ea1   Thumb Code    36  motor.o(.text.Set_PWM)
    TIMA0_IRQHandler                         0x00000ec9   Thumb Code   216  empty.o(.text.TIMA0_IRQHandler)
    UART0_IRQHandler                         0x00000fc1   Thumb Code    80  board.o(.text.UART0_IRQHandler)
    Yaw_error                                0x00001019   Thumb Code   248  cal_error_yaw.o(.text.Yaw_error)
    delay_ms                                 0x00001121   Thumb Code    72  board.o(.text.delay_ms)
    main                                     0x0000116d   Thumb Code  1576  empty.o(.text.main)
    sensor_read                              0x000017d5   Thumb Code    68  sensor.o(.text.sensor_read)
    track_error                              0x0000181d   Thumb Code   440  sensor.o(.text.track_error)
    __0sprintf$1                             0x000019e1   Thumb Code    36  printf1.o(i.__0sprintf$1)
    __1sprintf$1                             0x000019e1   Thumb Code     0  printf1.o(i.__0sprintf$1)
    __2sprintf                               0x000019e1   Thumb Code     0  printf1.o(i.__0sprintf$1)
    __ARM_clz                                0x00001a09   Thumb Code    46  depilogue.o(i.__ARM_clz)
    __scatterload_copy                       0x00001a39   Thumb Code    14  handlers.o(i.__scatterload_copy)
    __scatterload_null                       0x00001a49   Thumb Code     2  handlers.o(i.__scatterload_null)
    __scatterload_zeroinit                   0x00001a51   Thumb Code    14  handlers.o(i.__scatterload_zeroinit)
    Region$$Table$$Base                      0x00001bf0   Number         0  anon$$obj.o(Region$$Table)
    Region$$Table$$Limit                     0x00001c10   Number         0  anon$$obj.o(Region$$Table)
    number                                   0x20200000   Data           2  empty.o(.data..L_MergedGlobals)
    PWML_Base                                0x20200004   Data           4  empty.o(.data..L_MergedGlobals)
    PWMR_Base                                0x20200008   Data           4  empty.o(.data..L_MergedGlobals)
    PWML_MAX                                 0x2020000c   Data           4  empty.o(.data..L_MergedGlobals)
    PWMR_MAX                                 0x20200010   Data           4  empty.o(.data..L_MergedGlobals)
    TrackFlag                                0x20200014   Data           4  empty.o(.data..L_MergedGlobals)
    read_flag                                0x20200018   Data           4  empty.o(.data..L_MergedGlobals)
    Wheel_count                              0x2020001c   Data           4  empty.o(.data..L_MergedGlobals)
    distance                                 0x20200020   Data           4  empty.o(.data..L_MergedGlobals)
    dis1                                     0x20200024   Data           4  empty.o(.data..L_MergedGlobals)
    dis2                                     0x20200028   Data           4  empty.o(.data..L_MergedGlobals)
    move_flag                                0x2020002c   Data           4  empty.o(.data..L_MergedGlobals)
    imu_read_flag                            0x20200030   Data           4  empty.o(.data..L_MergedGlobals)
    readKey_flag                             0x20200034   Data           4  empty.o(.data..L_MergedGlobals)
    Task_Num                                 0x20200038   Data           4  empty.o(.data..L_MergedGlobals)
    bufferIndex                              0x20200040   Data           1  board.o(.bss..L_MergedGlobals)
    frameReady                               0x20200041   Data           1  board.o(.bss..L_MergedGlobals)
    Yaw                                      0x20200044   Data           4  board.o(.bss..L_MergedGlobals)
    imuBuffer                                0x20200048   Data          19  board.o(.bss..L_MergedGlobals)
    error                                    0x2020005c   Data           4  sensor.o(.bss..L_MergedGlobals)
    sensor_arr                               0x20200060   Data           8  sensor.o(.bss..L_MergedGlobals)
    deviation                                0x20200068   Data           4  empty.o(.bss..L_MergedGlobals.3)
    PWML                                     0x2020006c   Data           4  empty.o(.bss..L_MergedGlobals.3)
    PWMR                                     0x20200070   Data           4  empty.o(.bss..L_MergedGlobals.3)
    track_err                                0x20200074   Data           4  empty.o(.bss..L_MergedGlobals.3)
    imu_err                                  0x20200078   Data           4  empty.o(.bss..L_MergedGlobals.3)
    carL_dis                                 0x2020007c   Data           4  empty.o(.bss..L_MergedGlobals.3)
    carR_dis                                 0x20200080   Data           4  empty.o(.bss..L_MergedGlobals.3)
    RunMode                                  0x20200084   Data           4  empty.o(.bss..L_MergedGlobals.3)
    time_flag                                0x20200088   Data           4  empty.o(.bss..L_MergedGlobals.3)
    time_count                               0x2020008c   Data           4  empty.o(.bss..L_MergedGlobals.3)
    quan_num                                 0x20200090   Data           4  empty.o(.bss..L_MergedGlobals.3)
    key_count                                0x20200094   Data           4  empty.o(.bss..L_MergedGlobals.3)
    key2_count                               0x20200098   Data           4  empty.o(.bss..L_MergedGlobals.3)
    Task_Flag                                0x2020009c   Data           4  empty.o(.bss..L_MergedGlobals.3)
    test                                     0x202000a0   Data           4  empty.o(.bss..L_MergedGlobals.3)
    Get_Encoder_countA                       0x202000a4   Data           4  empty.o(.bss..L_MergedGlobals.3)
    Get_Encoder_countB                       0x202000a8   Data           4  empty.o(.bss..L_MergedGlobals.3)
    encoderA_cnt                             0x202000ac   Data           4  empty.o(.bss..L_MergedGlobals.3)
    encoderB_cnt                             0x202000b0   Data           4  empty.o(.bss..L_MergedGlobals.3)
    PID_Link                                 0x202000b4   Data          44  pid.o(.bss.PID_Link)
    gPWM_0Backup                             0x202000e4   Data         188  ti_msp_dl_config.o(.bss.gPWM_0Backup)
    gTIMER_0Backup                           0x202001a0   Data         188  ti_msp_dl_config.o(.bss.gTIMER_0Backup)
    gpio_interrup                            0x2020025c   Data           4  encoder.o(.bss.gpio_interrup)
    __initial_sp                             0x20200360   Data           0  startup_mspm0g350x_uvision.o(STACK)



==============================================================================

Memory Map of the image

  Image Entry point : 0x000000c1

  Load Region LR_IROM1 (Base: 0x00000000, Size: 0x00001c50, Max: 0x00020000, ABSOLUTE)

    Execution Region ER_IROM1 (Exec base: 0x00000000, Load base: 0x00000000, Size: 0x00001c10, Max: 0x00020000, ABSOLUTE)

    Exec Addr    Load Addr    Size         Type   Attr      Idx    E Section Name        Object

    0x00000000   0x00000000   0x000000c0   Data   RO           27    RESET               startup_mspm0g350x_uvision.o
    0x000000c0   0x000000c0   0x00000000   Code   RO          894  * .ARM.Collect$$$$00000000  mc_p.l(entry.o)
    0x000000c0   0x000000c0   0x00000004   Code   RO         1193    .ARM.Collect$$$$00000001  mc_p.l(entry2.o)
    0x000000c4   0x000000c4   0x00000004   Code   RO         1196    .ARM.Collect$$$$00000004  mc_p.l(entry5.o)
    0x000000c8   0x000000c8   0x00000000   Code   RO         1198    .ARM.Collect$$$$00000008  mc_p.l(entry7b.o)
    0x000000c8   0x000000c8   0x00000000   Code   RO         1200    .ARM.Collect$$$$0000000A  mc_p.l(entry8b.o)
    0x000000c8   0x000000c8   0x00000008   Code   RO         1201    .ARM.Collect$$$$0000000B  mc_p.l(entry9a.o)
    0x000000d0   0x000000d0   0x00000000   Code   RO         1203    .ARM.Collect$$$$0000000D  mc_p.l(entry10a.o)
    0x000000d0   0x000000d0   0x00000000   Code   RO         1205    .ARM.Collect$$$$0000000F  mc_p.l(entry11a.o)
    0x000000d0   0x000000d0   0x00000004   Code   RO         1194    .ARM.Collect$$$$00002712  mc_p.l(entry2.o)
    0x000000d4   0x000000d4   0x00000014   Code   RO           28    .text               startup_mspm0g350x_uvision.o
    0x000000e8   0x000000e8   0x000000b2   Code   RO         1169    .text               mf_p.l(fadd.o)
    0x0000019a   0x0000019a   0x0000007a   Code   RO         1171    .text               mf_p.l(fmul.o)
    0x00000214   0x00000214   0x0000007c   Code   RO         1173    .text               mf_p.l(fdiv.o)
    0x00000290   0x00000290   0x000000f0   Code   RO         1175    .text               mf_p.l(ddiv.o)
    0x00000380   0x00000380   0x0000001c   Code   RO         1177    .text               mf_p.l(fcmple.o)
    0x0000039c   0x0000039c   0x0000001c   Code   RO         1179    .text               mf_p.l(fcmplt.o)
    0x000003b8   0x000003b8   0x0000001c   Code   RO         1181    .text               mf_p.l(fcmpge.o)
    0x000003d4   0x000003d4   0x0000001c   Code   RO         1183    .text               mf_p.l(fcmpgt.o)
    0x000003f0   0x000003f0   0x00000016   Code   RO         1185    .text               mf_p.l(fflti.o)
    0x00000406   0x00000406   0x00000032   Code   RO         1187    .text               mf_p.l(ffixi.o)
    0x00000438   0x00000438   0x00000028   Code   RO         1189    .text               mf_p.l(f2d.o)
    0x00000460   0x00000460   0x00000038   Code   RO         1191    .text               mf_p.l(d2f.o)
    0x00000498   0x00000498   0x0000003e   Code   RO         1215    .text               mc_p.l(uidiv_div0.o)
    0x000004d6   0x000004d6   0x00000000   Code   RO         1223    .text               mc_p.l(iusefp.o)
    0x000004d6   0x000004d6   0x00000082   Code   RO         1224    .text               mf_p.l(fepilogue.o)
    0x00000558   0x00000558   0x000000be   Code   RO         1226    .text               mf_p.l(depilogue.o)
    0x00000616   0x00000616   0x00000002   PAD
    0x00000618   0x00000618   0x00000030   Code   RO         1238    .text               mc_p.l(init.o)
    0x00000648   0x00000648   0x00000020   Code   RO         1241    .text               mc_p.l(llshl.o)
    0x00000668   0x00000668   0x00000022   Code   RO         1243    .text               mc_p.l(llushr.o)
    0x0000068a   0x0000068a   0x0000000a   Code   RO          759    .text.DL_Common_delayCycles  dl_common.o
    0x00000694   0x00000694   0x00000026   Code   RO          520    .text.DL_I2C_setClockConfig  dl_i2c.o
    0x000006ba   0x000006ba   0x00000002   PAD
    0x000006bc   0x000006bc   0x00000110   Code   RO          233    .text.DL_TimerA_initPWMMode  dl_timer.o
    0x000007cc   0x000007cc   0x000000ec   Code   RO          175    .text.DL_Timer_initTimerMode  dl_timer.o
    0x000008b8   0x000008b8   0x0000001c   Code   RO          207    .text.DL_Timer_setCaptCompUpdateMethod  dl_timer.o
    0x000008d4   0x000008d4   0x00000018   Code   RO          197    .text.DL_Timer_setCaptureCompareOutCtl  dl_timer.o
    0x000008ec   0x000008ec   0x00000010   Code   RO          177    .text.DL_Timer_setCaptureCompareValue  dl_timer.o
    0x000008fc   0x000008fc   0x0000001c   Code   RO          171    .text.DL_Timer_setClockConfig  dl_timer.o
    0x00000918   0x00000918   0x00000048   Code   RO          119    .text.DL_UART_init  dl_uart.o
    0x00000960   0x00000960   0x00000028   Code   RO          131    .text.DL_UART_receiveDataBlocking  dl_uart.o
    0x00000988   0x00000988   0x00000012   Code   RO          121    .text.DL_UART_setClockConfig  dl_uart.o
    0x0000099a   0x0000099a   0x00000002   PAD
    0x0000099c   0x0000099c   0x00000094   Code   RO          830    .text.GROUP1_IRQHandler  encoder.o
    0x00000a30   0x00000a30   0x00000020   Code   RO          856    .text.PID_init      pid.o
    0x00000a50   0x00000a50   0x00000072   Code   RO          858    .text.PID_realize   pid.o
    0x00000ac2   0x00000ac2   0x00000002   PAD
    0x00000ac4   0x00000ac4   0x000000f4   Code   RO           39    .text.SYSCFG_DL_GPIO_init  ti_msp_dl_config.o
    0x00000bb8   0x00000bb8   0x00000064   Code   RO           47    .text.SYSCFG_DL_I2C_MPU6050_init  ti_msp_dl_config.o
    0x00000c1c   0x00000c1c   0x00000054   Code   RO           49    .text.SYSCFG_DL_I2C_OLED_init  ti_msp_dl_config.o
    0x00000c70   0x00000c70   0x00000088   Code   RO           43    .text.SYSCFG_DL_PWM_0_init  ti_msp_dl_config.o
    0x00000cf8   0x00000cf8   0x0000004c   Code   RO           41    .text.SYSCFG_DL_SYSCTL_init  ti_msp_dl_config.o
    0x00000d44   0x00000d44   0x0000001c   Code   RO           53    .text.SYSCFG_DL_SYSTICK_init  ti_msp_dl_config.o
    0x00000d60   0x00000d60   0x00000038   Code   RO           45    .text.SYSCFG_DL_TIMER_0_init  ti_msp_dl_config.o
    0x00000d98   0x00000d98   0x0000006c   Code   RO           51    .text.SYSCFG_DL_UART_DM_IMU_init  ti_msp_dl_config.o
    0x00000e04   0x00000e04   0x0000003c   Code   RO           35    .text.SYSCFG_DL_init  ti_msp_dl_config.o
    0x00000e40   0x00000e40   0x00000060   Code   RO           37    .text.SYSCFG_DL_initPower  ti_msp_dl_config.o
    0x00000ea0   0x00000ea0   0x00000028   Code   RO          843    .text.Set_PWM       motor.o
    0x00000ec8   0x00000ec8   0x000000f8   Code   RO            4    .text.TIMA0_IRQHandler  empty.o
    0x00000fc0   0x00000fc0   0x00000058   Code   RO           91    .text.UART0_IRQHandler  board.o
    0x00001018   0x00001018   0x00000108   Code   RO          884    .text.Yaw_error     cal_error_yaw.o
    0x00001120   0x00001120   0x0000004c   Code   RO           81    .text.delay_ms      board.o
    0x0000116c   0x0000116c   0x00000668   Code   RO            2    .text.main          empty.o
    0x000017d4   0x000017d4   0x00000048   Code   RO          869    .text.sensor_read   sensor.o
    0x0000181c   0x0000181c   0x000001c4   Code   RO          871    .text.track_error   sensor.o
    0x000019e0   0x000019e0   0x00000028   Code   RO          955    i.__0sprintf$1      mc_p.l(printf1.o)
    0x00001a08   0x00001a08   0x0000002e   Code   RO         1228    i.__ARM_clz         mf_p.l(depilogue.o)
    0x00001a36   0x00001a36   0x00000002   PAD
    0x00001a38   0x00001a38   0x0000000e   Code   RO         1250    i.__scatterload_copy  mc_p.l(handlers.o)
    0x00001a46   0x00001a46   0x00000002   PAD
    0x00001a48   0x00001a48   0x00000002   Code   RO         1251    i.__scatterload_null  mc_p.l(handlers.o)
    0x00001a4a   0x00001a4a   0x00000006   PAD
    0x00001a50   0x00001a50   0x0000000e   Code   RO         1252    i.__scatterload_zeroinit  mc_p.l(handlers.o)
    0x00001a5e   0x00001a5e   0x00000002   PAD
    0x00001a60   0x00001a60   0x00000150   Code   RO          960    i._printf_core      mc_p.l(printf1.o)
    0x00001bb0   0x00001bb0   0x0000000a   Code   RO          962    i._sputc            mc_p.l(printf1.o)
    0x00001bba   0x00001bba   0x00000002   Data   RO           65    .rodata.gI2C_MPU6050ClockConfig  ti_msp_dl_config.o
    0x00001bbc   0x00001bbc   0x00000002   Data   RO           66    .rodata.gI2C_OLEDClockConfig  ti_msp_dl_config.o
    0x00001bbe   0x00001bbe   0x00000003   Data   RO           61    .rodata.gPWM_0ClockConfig  ti_msp_dl_config.o
    0x00001bc1   0x00001bc1   0x00000003   PAD
    0x00001bc4   0x00001bc4   0x00000008   Data   RO           62    .rodata.gPWM_0Config  ti_msp_dl_config.o
    0x00001bcc   0x00001bcc   0x00000003   Data   RO           63    .rodata.gTIMER_0ClockConfig  ti_msp_dl_config.o
    0x00001bcf   0x00001bcf   0x00000001   PAD
    0x00001bd0   0x00001bd0   0x00000014   Data   RO           64    .rodata.gTIMER_0TimerConfig  ti_msp_dl_config.o
    0x00001be4   0x00001be4   0x00000002   Data   RO           67    .rodata.gUART_DM_IMUClockConfig  ti_msp_dl_config.o
    0x00001be6   0x00001be6   0x0000000a   Data   RO           68    .rodata.gUART_DM_IMUConfig  ti_msp_dl_config.o
    0x00001bf0   0x00001bf0   0x00000020   Data   RO         1249    Region$$Table       anon$$obj.o


    Execution Region RW_IRAM2 (Exec base: 0x20200000, Load base: 0x00001c10, Size: 0x00000360, Max: 0x00008000, ABSOLUTE)

    Exec Addr    Load Addr    Size         Type   Attr      Idx    E Section Name        Object

    0x20200000   0x00001c10   0x0000003c   Data   RW           17    .data..L_MergedGlobals  empty.o
    0x2020003c   0x00001c4c   0x00000004   PAD
    0x20200040        -       0x0000001b   Zero   RW           96    .bss..L_MergedGlobals  board.o
    0x2020005b   0x00001c4c   0x00000001   PAD
    0x2020005c        -       0x0000000c   Zero   RW          874    .bss..L_MergedGlobals  sensor.o
    0x20200068        -       0x0000004c   Zero   RW           18    .bss..L_MergedGlobals.3  empty.o
    0x202000b4        -       0x0000002c   Zero   RW          860    .bss.PID_Link       pid.o
    0x202000e0        -       0x00000004   Zero   RW          886    .bss.Yaw_error.error  cal_error_yaw.o
    0x202000e4        -       0x000000bc   Zero   RW           59    .bss.gPWM_0Backup   ti_msp_dl_config.o
    0x202001a0        -       0x000000bc   Zero   RW           60    .bss.gTIMER_0Backup  ti_msp_dl_config.o
    0x2020025c        -       0x00000004   Zero   RW          832    .bss.gpio_interrup  encoder.o
    0x20200260        -       0x00000100   Zero   RW           25    STACK               startup_mspm0g350x_uvision.o



  Load Region LR_BCR (Base: 0x41c00000, Size: 0x00000000, Max: 0x00000100, ABSOLUTE)

    Execution Region BCR_CONFIG (Exec base: 0x41c00000, Load base: 0x41c00000, Size: 0x00000000, Max: 0x00000080, ABSOLUTE)

    **** No section assigned to this execution region ****



  Load Region LR_BSL (Base: 0x41c00100, Size: 0x00000000, Max: 0x00000100, ABSOLUTE)

    Execution Region BSL_CONFIG (Exec base: 0x41c00100, Load base: 0x41c00100, Size: 0x00000000, Max: 0x00000080, ABSOLUTE)

    **** No section assigned to this execution region ****


==============================================================================

Image component sizes


      Code (inc. data)   RO Data    RW Data    ZI Data      Debug   Object Name

       164         12          0          0         27       7744   board.o
       264         16          0          0          4       1132   cal_error_yaw.o
        10          0          0          0          0        582   dl_common.o
        38          0          0          0          0       9545   dl_i2c.o
       604        188          0          0          0      33903   dl_timer.o
       130         12          0          0          0      14666   dl_uart.o
      1888        174          0         60         76      11379   empty.o
       148         20          0          0          4       3968   encoder.o
        40          4          0          0          0       4343   motor.o
       146          0          0          0         44       1206   pid.o
       524         16          0          0         12       4335   sensor.o
        20          4        192          0        256        616   startup_mspm0g350x_uvision.o
       988        208         50          0        376      36238   ti_msp_dl_config.o

    ----------------------------------------------------------------------
      4970        654        278         60        804     129657   Object Totals
         0          0         32          0          0          0   (incl. Generated)
         6          0          4          0          5          0   (incl. Padding)

    ----------------------------------------------------------------------

      Code (inc. data)   RO Data    RW Data    ZI Data      Debug   Library Member Name

         0          0          0          0          0          0   entry.o
         0          0          0          0          0          0   entry10a.o
         0          0          0          0          0          0   entry11a.o
         8          4          0          0          0          0   entry2.o
         4          0          0          0          0          0   entry5.o
         0          0          0          0          0          0   entry7b.o
         0          0          0          0          0          0   entry8b.o
         8          4          0          0          0          0   entry9a.o
        30          0          0          0          0          0   handlers.o
        48         10          0          0          0         68   init.o
         0          0          0          0          0          0   iusefp.o
        32          0          0          0          0         68   llshl.o
        34          0          0          0          0         68   llushr.o
       386          8          0          0          0        228   printf1.o
        62          0          0          0          0         72   uidiv_div0.o
        56          0          0          0          0         68   d2f.o
       240          6          0          0          0         84   ddiv.o
       236          0          0          0          0        216   depilogue.o
        40          0          0          0          0         60   f2d.o
       178          0          0          0          0        108   fadd.o
        28          0          0          0          0         60   fcmpge.o
        28          0          0          0          0         60   fcmpgt.o
        28          0          0          0          0         60   fcmple.o
        28          0          0          0          0         60   fcmplt.o
       124          0          0          0          0         72   fdiv.o
       130          0          0          0          0        144   fepilogue.o
        50          0          0          0          0         60   ffixi.o
        22          0          0          0          0         68   fflti.o
       122          0          0          0          0         72   fmul.o

    ----------------------------------------------------------------------
      1936         32          0          0          0       1696   Library Totals
        14          0          0          0          0          0   (incl. Padding)

    ----------------------------------------------------------------------

      Code (inc. data)   RO Data    RW Data    ZI Data      Debug   Library Name

       612         26          0          0          0        504   mc_p.l
      1310          6          0          0          0       1192   mf_p.l

    ----------------------------------------------------------------------
      1936         32          0          0          0       1696   Library Totals

    ----------------------------------------------------------------------

==============================================================================


      Code (inc. data)   RO Data    RW Data    ZI Data      Debug   

      6906        686        278         60        804     130449   Grand Totals
      6906        686        278         60        804     130449   ELF Image Totals
      6906        686        278         60          0          0   ROM Totals

==============================================================================

    Total RO  Size (Code + RO Data)                 7184 (   7.02kB)
    Total RW  Size (RW Data + ZI Data)               864 (   0.84kB)
    Total ROM Size (Code + RO Data + RW Data)       7244 (   7.07kB)

==============================================================================

